****************************************
Report : power
        -hier
        -significant_digits 2
Design : switch_4port
Version: V-2023.12-SP3
Date   : Tue Jan 20 20:52:44 2026
****************************************
Information: Propagated activity on scenario FUNC_Slow identical to that on FUNC_Fast (POW-006)
Mode: FUNC
Corner: Slow
Scenario: FUNC_Slow
Voltage: 0.75
Temperature: 125.00

Voltage Unit         : 1V
Capacitance Unit     : 1fF
Time Unit            : 1ns
Temperature Unit     : 1C
Dynamic Power Unit   : 1pW
Leakage Power Unit   : 1pW

Switched supply net power scaling:
scaling for leakage power

Supply nets:
VDD (power) probability 1.00 (default)
VSS (ground) probability 1.00 (default)


Hierarchy                                                  Internal Power        Switching Power          Leakage Power            Total Power       %
---------------------------------------------------------------------------------------------------------------------------------------------------------
switch_4port                                                     9.79e+07               9.09e+06               1.65e+08               2.72e+08    100.00
  gen_ports[0].port_inst (switch_port_00000004_00000004_00000008_0)
                                                                 2.36e+07               1.84e+06               3.80e+07               6.35e+07     23.37
    my_fifo (fifo_00000010_8_0)                                  1.47e+07               9.68e+05               3.36e+07               4.92e+07     77.48
  gen_ports[1].port_inst (switch_port_00000004_00000004_00000008_1)
                                                                 2.33e+07               1.81e+06               3.81e+07               6.33e+07     23.29
    my_fifo (fifo_00000010_8_1)                                  1.45e+07               9.48e+05               3.37e+07               4.91e+07     77.60
  gen_ports[2].port_inst (switch_port_00000004_00000004_00000008_2)
                                                                 2.33e+07               1.83e+06               3.81e+07               6.32e+07     23.26
    my_fifo (fifo_00000010_8_2)                                  1.45e+07               9.87e+05               3.36e+07               4.91e+07     77.72
  gen_ports[3].port_inst (switch_port_00000004_00000004_00000008)
                                                                 2.36e+07               1.88e+06               3.83e+07               6.38e+07     23.48
    my_fifo (fifo_00000010_8)                                    1.47e+07               9.91e+05               3.39e+07               4.96e+07     77.73
1
