****************************************
Report : qor
Design : switch_4port
Version: V-2023.12-SP3
Date   : Tue Jan 20 20:52:44 2026
****************************************


Scenario           'FUNC_Fast'
Timing Path Group  '**in2reg_default**'
----------------------------------------
Levels of Logic:                      5
Critical Path Length:              1.25
Critical Path Slack:               8.11
Critical Path Clk Period:         10.00
Total Negative Slack:              0.00
No. of Violating Paths:               0
Worst Hold Violation:              0.00
Total Hold Violation:              0.00
No. of Hold Violations:               0
----------------------------------------

Scenario           'FUNC_Fast'
Timing Path Group  '**reg2out_default**'
----------------------------------------
Levels of Logic:                      8
Critical Path Length:              1.90
Critical Path Slack:               7.75
Critical Path Clk Period:         10.00
Total Negative Slack:              0.00
No. of Violating Paths:               0
Worst Hold Violation:              0.00
Total Hold Violation:              0.00
No. of Hold Violations:               0
----------------------------------------

Scenario           'FUNC_Fast'
Timing Path Group  'clk'
----------------------------------------
Levels of Logic:                     11
Critical Path Length:              2.35
Critical Path Slack:               7.20
Critical Path Clk Period:         10.00
Total Negative Slack:              0.00
No. of Violating Paths:               0
Worst Hold Violation:              0.00
Total Hold Violation:              0.00
No. of Hold Violations:               0
----------------------------------------

Scenario           'FUNC_Slow'
Timing Path Group  '**in2reg_default**'
----------------------------------------
Levels of Logic:                      5
Critical Path Length:              1.27
Critical Path Slack:               8.08
Critical Path Clk Period:         10.00
Total Negative Slack:              0.00
No. of Violating Paths:               0
Worst Hold Violation:              0.00
Total Hold Violation:              0.00
No. of Hold Violations:               0
----------------------------------------

Scenario           'FUNC_Slow'
Timing Path Group  '**reg2out_default**'
----------------------------------------
Levels of Logic:                      8
Critical Path Length:              1.93
Critical Path Slack:               7.72
Critical Path Clk Period:         10.00
Total Negative Slack:              0.00
No. of Violating Paths:               0
Worst Hold Violation:              0.00
Total Hold Violation:              0.00
No. of Hold Violations:               0
----------------------------------------

Scenario           'FUNC_Slow'
Timing Path Group  'clk'
----------------------------------------
Levels of Logic:                     11
Critical Path Length:              2.39
Critical Path Slack:               7.16
Critical Path Clk Period:         10.00
Total Negative Slack:              0.00
No. of Violating Paths:               0
Worst Hold Violation:              0.00
Total Hold Violation:              0.00
No. of Hold Violations:               0
----------------------------------------


Cell Count
----------------------------------------
Hierarchical Cell Count:              8
Hierarchical Port Count:            345
Leaf Cell Count:                   1545
Buf/Inv Cell Count:                 172
Buf Cell Count:                     101
Inv Cell Count:                      71
Combinational Cell Count:           865
   Single-bit Isolation Cell Count:                        0
   Multi-bit Isolation Cell Count:                         0
   Isolation Cell Banking Ratio:                           0.00%
   Single-bit Level Shifter Cell Count:                    0
   Multi-bit Level Shifter Cell Count:                     0
   Level Shifter Cell Banking Ratio:                       0.00%
   Single-bit ELS Cell Count:                              0
   Multi-bit ELS Cell Count:                               0
   ELS Cell Banking Ratio:                                 0.00%
Sequential Cell Count:              680
   Integrated Clock-Gating Cell Count:                     52
   Sequential Macro Cell Count:                            0
   Single-bit Sequential Cell Count:                       628
   Multi-bit Sequential Cell Count:                        0
   Sequential Cell Banking Ratio:                          0.00%
   BitsPerflop:                                            1.00
Macro Count:                          0
----------------------------------------


Area
----------------------------------------
Combinational Area:             2149.80
Noncombinational Area:          5745.69
Buf/Inv Area:                    297.60
Total Buffer Area:               207.38
Total Inverter Area:              90.22
Macro/Black Box Area:              0.00
Net Area:                             0
Net XLength:                   12974.53
Net YLength:                   13559.59
----------------------------------------
Cell Area (netlist):                           7895.49
Cell Area (netlist and physical only):         7895.49
Net Length:                    26534.12


Design Rules
----------------------------------------
Total Number of Nets:              1661
Nets with Violations:                 0
Max Trans Violations:                 0
Max Cap Violations:                   0
----------------------------------------

1
