****************************************
Report : timing
        -path_type full
        -delay_type max
        -max_paths 20
        -report_by design
        -nosplit
Design : switch_4port
Version: V-2023.12-SP3
Date   : Tue Jan 20 20:52:44 2026
****************************************

  Startpoint: gen_ports[1].port_inst/remaining_targets_reg[2] (rising edge-triggered flip-flop clocked by clk)
  Endpoint: rr_pointer_reg[1][0] (rising edge-triggered flip-flop clocked by clk)
  Mode: FUNC
  Corner: Slow
  Scenario: FUNC_Slow
  Path Group: clk
  Path Type: max

  Point                                                               Incr      Path  
  -------------------------------------------------------------------------------------------
  clock clk (rise edge)                                               0.00      0.00
  clock network delay (ideal)                                         0.00      0.00

  gen_ports[1].port_inst/remaining_targets_reg[2]/CLK (SDFFX1_RVT)    0.00      0.00 r
  gen_ports[1].port_inst/remaining_targets_reg[2]/Q (SDFFX1_RVT)      0.34      0.34 r
  gen_ports[1].port_inst/ctmi_137/Y (OR3X1_RVT)                       0.19      0.53 r
  gen_ports[1].port_inst/ctmi_443/Y (OA221X2_RVT)                     0.26      0.78 r
  ctmi_1034/Y (NAND2X0_RVT)                                           0.13      0.92 f
  ctmi_1033/Y (AND2X1_RVT)                                            0.17      1.09 f
  ctmi_1030/Y (OA221X2_RVT)                                           0.30      1.38 f
  ctmi_1067/Y (AO221X1_RVT)                                           0.32      1.70 f
  MXIOP_123/Y (NBUFFX2_RVT)                                           0.12      1.82 f
  TDBUF_460/Y (NBUFFX2_RVT)                                           0.09      1.91 f
  phfnr_buf_373/Y (INVX0_RVT)                                         0.05      1.96 r
  ctmi_1206/Y (OAI221X1_RVT)                                          0.21      2.17 f
  ctmi_452/Y (OA221X1_RVT)                                            0.22      2.39 f
  rr_pointer_reg[1][0]/D (SDFFX1_RVT)                                 0.00      2.39 f
  data arrival time                                                             2.39

  clock clk (rise edge)                                              10.00     10.00
  clock network delay (ideal)                                         0.00     10.00
  rr_pointer_reg[1][0]/CLK (SDFFX1_RVT)                               0.00     10.00 r
  clock uncertainty                                                  -0.15      9.85
  library setup time                                                 -0.30      9.55
  data required time                                                            9.55
  -------------------------------------------------------------------------------------------
  data required time                                                            9.55
  data arrival time                                                            -2.39
  -------------------------------------------------------------------------------------------
  slack (MET)                                                                   7.16



  Startpoint: gen_ports[0].port_inst/remaining_targets_reg[0] (rising edge-triggered flip-flop clocked by clk)
  Endpoint: rr_pointer_reg[0][0] (rising edge-triggered flip-flop clocked by clk)
  Mode: FUNC
  Corner: Slow
  Scenario: FUNC_Slow
  Path Group: clk
  Path Type: max

  Point                                                               Incr      Path  
  -------------------------------------------------------------------------------------------
  clock clk (rise edge)                                               0.00      0.00
  clock network delay (ideal)                                         0.00      0.00

  gen_ports[0].port_inst/remaining_targets_reg[0]/CLK (SDFFX1_RVT)    0.00      0.00 r
  gen_ports[0].port_inst/remaining_targets_reg[0]/Q (SDFFX1_RVT)      0.34      0.34 r
  gen_ports[0].port_inst/ctmi_137/Y (OR3X1_RVT)                       0.18      0.52 r
  gen_ports[0].port_inst/ctmi_439/Y (OA221X2_RVT)                     0.26      0.77 r
  ctmi_1168/Y (NAND3X0_RVT)                                           0.18      0.96 f
  ctmi_1169/Y (AND4X2_RVT)                                            0.42      1.37 f
  ctmi_1197/Y (AO22X1_RVT)                                            0.20      1.58 f
  ctmi_1196/Y (AO221X1_RVT)                                           0.15      1.73 f
  MXIOP_106/Y (NBUFFX2_RVT)                                           0.13      1.85 f
  TDBUF_457/Y (NBUFFX2_RVT)                                           0.09      1.95 f
  phfnr_buf_372/Y (INVX0_RVT)                                         0.05      2.00 r
  ctmi_1203/Y (OAI221X1_RVT)                                          0.21      2.20 f
  ctmi_455/Y (OA221X1_RVT)                                            0.16      2.36 f
  rr_pointer_reg[0][0]/D (SDFFX1_RVT)                                 0.00      2.36 f
  data arrival time                                                             2.36

  clock clk (rise edge)                                              10.00     10.00
  clock network delay (ideal)                                         0.00     10.00
  rr_pointer_reg[0][0]/CLK (SDFFX1_RVT)                               0.00     10.00 r
  clock uncertainty                                                  -0.15      9.85
  library setup time                                                 -0.31      9.54
  data required time                                                            9.54
  -------------------------------------------------------------------------------------------
  data required time                                                            9.54
  data arrival time                                                            -2.36
  -------------------------------------------------------------------------------------------
  slack (MET)                                                                   7.18



  Startpoint: gen_ports[0].port_inst/remaining_targets_reg[0] (rising edge-triggered flip-flop clocked by clk)
  Endpoint: rr_pointer_reg[3][0] (rising edge-triggered flip-flop clocked by clk)
  Mode: FUNC
  Corner: Slow
  Scenario: FUNC_Slow
  Path Group: clk
  Path Type: max

  Point                                                               Incr      Path  
  -------------------------------------------------------------------------------------------
  clock clk (rise edge)                                               0.00      0.00
  clock network delay (ideal)                                         0.00      0.00

  gen_ports[0].port_inst/remaining_targets_reg[0]/CLK (SDFFX1_RVT)    0.00      0.00 r
  gen_ports[0].port_inst/remaining_targets_reg[0]/Q (SDFFX1_RVT)      0.34      0.34 r
  gen_ports[0].port_inst/ctmi_137/Y (OR3X1_RVT)                       0.18      0.52 r
  gen_ports[0].port_inst/ctmi_439/Y (OA221X2_RVT)                     0.26      0.77 r
  ctmi_1125/Y (NAND3X0_RVT)                                           0.19      0.96 f
  ctmi_1126/Y (AND4X2_RVT)                                            0.42      1.38 f
  ctmi_1154/Y (AO22X1_RVT)                                            0.20      1.58 f
  ctmi_1153/Y (AO221X1_RVT)                                           0.16      1.73 f
  MXIOP_157/Y (NBUFFX2_RVT)                                           0.13      1.86 f
  TDBUF_466/Y (NBUFFX2_RVT)                                           0.09      1.95 f
  phfnr_buf_375/Y (INVX0_RVT)                                         0.05      2.00 r
  ctmi_1212/Y (OAI221X1_RVT)                                          0.20      2.20 f
  ctmi_454/Y (OA221X1_RVT)                                            0.13      2.33 f
  rr_pointer_reg[3][0]/D (SDFFX1_RVT)                                 0.00      2.33 f
  data arrival time                                                             2.33

  clock clk (rise edge)                                              10.00     10.00
  clock network delay (ideal)                                         0.00     10.00
  rr_pointer_reg[3][0]/CLK (SDFFX1_RVT)                               0.00     10.00 r
  clock uncertainty                                                  -0.15      9.85
  library setup time                                                 -0.30      9.55
  data required time                                                            9.55
  -------------------------------------------------------------------------------------------
  data required time                                                            9.55
  data arrival time                                                            -2.33
  -------------------------------------------------------------------------------------------
  slack (MET)                                                                   7.22



  Startpoint: gen_ports[0].port_inst/remaining_targets_reg[0] (rising edge-triggered flip-flop clocked by clk)
  Endpoint: rr_pointer_reg[2][0] (rising edge-triggered flip-flop clocked by clk)
  Mode: FUNC
  Corner: Slow
  Scenario: FUNC_Slow
  Path Group: clk
  Path Type: max

  Point                                                               Incr      Path  
  -------------------------------------------------------------------------------------------
  clock clk (rise edge)                                               0.00      0.00
  clock network delay (ideal)                                         0.00      0.00

  gen_ports[0].port_inst/remaining_targets_reg[0]/CLK (SDFFX1_RVT)    0.00      0.00 r
  gen_ports[0].port_inst/remaining_targets_reg[0]/Q (SDFFX1_RVT)      0.34      0.34 r
  gen_ports[0].port_inst/ctmi_137/Y (OR3X1_RVT)                       0.18      0.52 r
  gen_ports[0].port_inst/ctmi_439/Y (OA221X2_RVT)                     0.26      0.77 r
  ctmi_1082/Y (NAND3X0_RVT)                                           0.18      0.95 f
  ctmi_1083/Y (AND4X2_RVT)                                            0.41      1.36 f
  ctmi_1111/Y (AO22X1_RVT)                                            0.20      1.56 f
  ctmi_1110/Y (AO221X1_RVT)                                           0.14      1.70 f
  MXIOP_140/Y (NBUFFX2_RVT)                                           0.12      1.82 f
  TDBUF_463/Y (NBUFFX2_RVT)                                           0.09      1.91 f
  phfnr_buf_374/Y (INVX0_RVT)                                         0.05      1.96 r
  ctmi_1209/Y (OAI221X1_RVT)                                          0.20      2.16 f
  ctmi_453/Y (OA221X1_RVT)                                            0.14      2.30 f
  rr_pointer_reg[2][0]/D (SDFFX1_RVT)                                 0.00      2.30 f
  data arrival time                                                             2.30

  clock clk (rise edge)                                              10.00     10.00
  clock network delay (ideal)                                         0.00     10.00
  rr_pointer_reg[2][0]/CLK (SDFFX1_RVT)                               0.00     10.00 r
  clock uncertainty                                                  -0.15      9.85
  library setup time                                                 -0.30      9.55
  data required time                                                            9.55
  -------------------------------------------------------------------------------------------
  data required time                                                            9.55
  data arrival time                                                            -2.30
  -------------------------------------------------------------------------------------------
  slack (MET)                                                                   7.25



  Startpoint: gen_ports[1].port_inst/remaining_targets_reg[2] (rising edge-triggered flip-flop clocked by clk)
  Endpoint: gen_ports[3].port_inst/current_state_reg[0] (rising edge-triggered flip-flop clocked by clk)
  Mode: FUNC
  Corner: Slow
  Scenario: FUNC_Slow
  Path Group: clk
  Path Type: max

  Point                                                               Incr      Path  
  -------------------------------------------------------------------------------------------
  clock clk (rise edge)                                               0.00      0.00
  clock network delay (ideal)                                         0.00      0.00

  gen_ports[1].port_inst/remaining_targets_reg[2]/CLK (SDFFX1_RVT)    0.00      0.00 r
  gen_ports[1].port_inst/remaining_targets_reg[2]/Q (SDFFX1_RVT)      0.33      0.33 f
  gen_ports[1].port_inst/ctmi_137/Y (OR3X1_RVT)                       0.22      0.55 f
  gen_ports[1].port_inst/ctmi_443/Y (OA221X2_RVT)                     0.28      0.82 f
  ctmi_1077/Y (NAND2X0_RVT)                                           0.17      0.99 r
  ctmi_1076/Y (AND2X1_RVT)                                            0.15      1.14 r
  ctmi_1081/Y (AND4X2_RVT)                                            0.36      1.50 r
  gen_ports[3].port_inst/HFSINV_58_483/Y (INVX0_RVT)                  0.06      1.56 f
  gen_ports[3].port_inst/ctmi_128/Y (AND2X1_RVT)                      0.13      1.69 f
  gen_ports[3].port_inst/ctmi_127/Y (OR4X1_RVT)                       0.32      2.01 f
  gen_ports[3].port_inst/ctmi_126/Y (AOI221X1_RVT)                    0.22      2.22 r
  gen_ports[3].port_inst/current_state_reg[0]/D (SDFFX1_RVT)          0.00      2.22 r
  data arrival time                                                             2.22

  clock clk (rise edge)                                              10.00     10.00
  clock network delay (ideal)                                         0.00     10.00
  gen_ports[3].port_inst/current_state_reg[0]/CLK (SDFFX1_RVT)        0.00     10.00 r
  clock uncertainty                                                  -0.15      9.85
  library setup time                                                 -0.23      9.62
  data required time                                                            9.62
  -------------------------------------------------------------------------------------------
  data required time                                                            9.62
  data arrival time                                                            -2.22
  -------------------------------------------------------------------------------------------
  slack (MET)                                                                   7.40



  Startpoint: gen_ports[1].port_inst/remaining_targets_reg[2] (rising edge-triggered flip-flop clocked by clk)
  Endpoint: gen_ports[0].port_inst/current_state_reg[0] (rising edge-triggered flip-flop clocked by clk)
  Mode: FUNC
  Corner: Slow
  Scenario: FUNC_Slow
  Path Group: clk
  Path Type: max

  Point                                                               Incr      Path  
  -------------------------------------------------------------------------------------------
  clock clk (rise edge)                                               0.00      0.00
  clock network delay (ideal)                                         0.00      0.00

  gen_ports[1].port_inst/remaining_targets_reg[2]/CLK (SDFFX1_RVT)    0.00      0.00 r
  gen_ports[1].port_inst/remaining_targets_reg[2]/Q (SDFFX1_RVT)      0.33      0.33 f
  gen_ports[1].port_inst/ctmi_137/Y (OR3X1_RVT)                       0.22      0.55 f
  gen_ports[1].port_inst/ctmi_443/Y (OA221X2_RVT)                     0.28      0.82 f
  ctmi_1077/Y (NAND2X0_RVT)                                           0.17      0.99 r
  ctmi_1076/Y (AND2X1_RVT)                                            0.15      1.14 r
  ctmi_1073/Y (OA221X2_RVT)                                           0.28      1.42 r
  gen_ports[0].port_inst/HFSINV_430_481/Y (INVX0_RVT)                 0.09      1.51 f
  gen_ports[0].port_inst/ctmi_128/Y (AND2X1_RVT)                      0.14      1.65 f
  gen_ports[0].port_inst/ctmi_127/Y (OR4X1_RVT)                       0.31      1.96 f
  gen_ports[0].port_inst/ctmi_126/Y (AOI221X1_RVT)                    0.22      2.18 r
  gen_ports[0].port_inst/current_state_reg[0]/D (SDFFX1_RVT)          0.00      2.18 r
  data arrival time                                                             2.18

  clock clk (rise edge)                                              10.00     10.00
  clock network delay (ideal)                                         0.00     10.00
  gen_ports[0].port_inst/current_state_reg[0]/CLK (SDFFX1_RVT)        0.00     10.00 r
  clock uncertainty                                                  -0.15      9.85
  library setup time                                                 -0.23      9.62
  data required time                                                            9.62
  -------------------------------------------------------------------------------------------
  data required time                                                            9.62
  data arrival time                                                            -2.18
  -------------------------------------------------------------------------------------------
  slack (MET)                                                                   7.44



  Startpoint: gen_ports[2].port_inst/my_fifo/count_reg[1] (rising edge-triggered flip-flop clocked by clk)
  Endpoint: gen_ports[2].port_inst/my_fifo/count_reg[1] (rising edge-triggered flip-flop clocked by clk)
  Mode: FUNC
  Corner: Slow
  Scenario: FUNC_Slow
  Path Group: clk
  Path Type: max

  Point                                                               Incr      Path  
  -------------------------------------------------------------------------------------------
  clock clk (rise edge)                                               0.00      0.00
  clock network delay (ideal)                                         0.00      0.00

  gen_ports[2].port_inst/my_fifo/count_reg[1]/CLK (SDFFSSRX1_RVT)     0.00      0.00 r
  gen_ports[2].port_inst/my_fifo/count_reg[1]/Q (SDFFSSRX1_RVT)       0.34      0.34 f
  gen_ports[2].port_inst/my_fifo/ctmi_819/Y (OR3X1_RVT)               0.20      0.54 f
  gen_ports[2].port_inst/my_fifo/phfnr_buf_418/Y (INVX0_RVT)          0.11      0.65 r
  gen_ports[2].port_inst/my_fifo/ctmi_818/Y (NAND2X0_RVT)             0.16      0.81 f
  gen_ports[2].port_inst/my_fifo/ctmi_826/Y (NAND2X0_RVT)             0.31      1.12 r
  gen_ports[2].port_inst/my_fifo/ctmi_828/Y (AO21X1_RVT)              0.25      1.38 r
  gen_ports[2].port_inst/my_fifo/phfnr_buf_421/Y (INVX0_RVT)          0.09      1.47 f
  gen_ports[2].port_inst/my_fifo/ctmi_827/Y (AND2X1_RVT)              0.18      1.64 f
  gen_ports[2].port_inst/my_fifo/ctmi_934/Y (MUX41X1_RVT)             0.35      1.99 f
  gen_ports[2].port_inst/my_fifo/count_reg[1]/RSTB (SDFFSSRX1_RVT)    0.00      1.99 f
  data arrival time                                                             1.99

  clock clk (rise edge)                                              10.00     10.00
  clock network delay (ideal)                                         0.00     10.00
  gen_ports[2].port_inst/my_fifo/count_reg[1]/CLK (SDFFSSRX1_RVT)     0.00     10.00 r
  clock uncertainty                                                  -0.15      9.85
  library setup time                                                 -0.37      9.48
  data required time                                                            9.48
  -------------------------------------------------------------------------------------------
  data required time                                                            9.48
  data arrival time                                                            -1.99
  -------------------------------------------------------------------------------------------
  slack (MET)                                                                   7.49



  Startpoint: gen_ports[2].port_inst/my_fifo/count_reg[1] (rising edge-triggered flip-flop clocked by clk)
  Endpoint: gen_ports[2].port_inst/my_fifo/clock_gate_mem_reg_1 (rising clock gating-check end-point clocked by clk)
  Mode: FUNC
  Corner: Slow
  Scenario: FUNC_Slow
  Path Group: clk
  Path Type: max

  Point                                                                    Incr      Path  
  ------------------------------------------------------------------------------------------------
  clock clk (rise edge)                                                    0.00      0.00
  clock network delay (ideal)                                              0.00      0.00

  gen_ports[2].port_inst/my_fifo/count_reg[1]/CLK (SDFFSSRX1_RVT)          0.00      0.00 r
  gen_ports[2].port_inst/my_fifo/count_reg[1]/Q (SDFFSSRX1_RVT)            0.34      0.34 f
  gen_ports[2].port_inst/my_fifo/ctmi_819/Y (OR3X1_RVT)                    0.20      0.54 f
  gen_ports[2].port_inst/my_fifo/phfnr_buf_418/Y (INVX0_RVT)               0.11      0.65 r
  gen_ports[2].port_inst/my_fifo/ctmi_818/Y (NAND2X0_RVT)                  0.16      0.81 f
  gen_ports[2].port_inst/my_fifo/ctmi_826/Y (NAND2X0_RVT)                  0.31      1.12 r
  gen_ports[2].port_inst/my_fifo/ctmi_828/Y (AO21X1_RVT)                   0.25      1.38 r
  gen_ports[2].port_inst/my_fifo/phfnr_buf_421/Y (INVX0_RVT)               0.09      1.47 f
  gen_ports[2].port_inst/my_fifo/ctmi_912/Y (AND3X1_RVT)                   0.20      1.66 f
  gen_ports[2].port_inst/my_fifo/ctmi_940/Y (AND3X1_RVT)                   0.18      1.85 f
  gen_ports[2].port_inst/my_fifo/clock_gate_mem_reg_1/EN (CGLPPRX2_RVT)    0.00      1.85 f
  data arrival time                                                                  1.85

  clock clk (rise edge)                                                   10.00     10.00
  clock network delay (ideal)                                             -0.20      9.80
  gen_ports[2].port_inst/my_fifo/clock_gate_mem_reg_1/CLK (CGLPPRX2_RVT)   0.00      9.80 r
  clock uncertainty                                                       -0.15      9.65
  library setup time                                                      -0.29      9.36
  data required time                                                                 9.36
  ------------------------------------------------------------------------------------------------
  data required time                                                                 9.36
  data arrival time                                                                 -1.85
  ------------------------------------------------------------------------------------------------
  slack (MET)                                                                        7.51



  Startpoint: gen_ports[0].port_inst/remaining_targets_reg[0] (rising edge-triggered flip-flop clocked by clk)
  Endpoint: gen_ports[2].port_inst/current_state_reg[0] (rising edge-triggered flip-flop clocked by clk)
  Mode: FUNC
  Corner: Slow
  Scenario: FUNC_Slow
  Path Group: clk
  Path Type: max

  Point                                                                    Incr      Path  
  ------------------------------------------------------------------------------------------------
  clock clk (rise edge)                                                    0.00      0.00
  clock network delay (ideal)                                              0.00      0.00

  gen_ports[0].port_inst/remaining_targets_reg[0]/CLK (SDFFX1_RVT)         0.00      0.00 r
  gen_ports[0].port_inst/remaining_targets_reg[0]/Q (SDFFX1_RVT)           0.34      0.34 r
  gen_ports[0].port_inst/ctmi_137/Y (OR3X1_RVT)                            0.18      0.52 r
  gen_ports[0].port_inst/ctmi_439/Y (OA221X2_RVT)                          0.26      0.77 r
  ctmi_1125/Y (NAND3X0_RVT)                                                0.19      0.96 f
  ctmi_1126/Y (AND4X2_RVT)                                                 0.42      1.38 f
  gen_ports[2].port_inst/HFSINV_123_489/Y (INVX0_RVT)                      0.10      1.48 r
  gen_ports[2].port_inst/ctmi_132/Y (AND2X1_RVT)                           0.12      1.60 r
  gen_ports[2].port_inst/ctmi_127/Y (OR4X1_RVT)                            0.23      1.83 r
  gen_ports[2].port_inst/ctmi_126/Y (AOI221X1_RVT)                         0.22      2.05 f
  gen_ports[2].port_inst/current_state_reg[0]/D (SDFFX1_RVT)               0.00      2.05 f
  data arrival time                                                                  2.05

  clock clk (rise edge)                                                   10.00     10.00
  clock network delay (ideal)                                              0.00     10.00
  gen_ports[2].port_inst/current_state_reg[0]/CLK (SDFFX1_RVT)             0.00     10.00 r
  clock uncertainty                                                       -0.15      9.85
  library setup time                                                      -0.29      9.56
  data required time                                                                 9.56
  ------------------------------------------------------------------------------------------------
  data required time                                                                 9.56
  data arrival time                                                                 -2.05
  ------------------------------------------------------------------------------------------------
  slack (MET)                                                                        7.51



  Startpoint: gen_ports[2].port_inst/my_fifo/count_reg[1] (rising edge-triggered flip-flop clocked by clk)
  Endpoint: gen_ports[2].port_inst/my_fifo/clock_gate_mem_reg_2 (rising clock gating-check end-point clocked by clk)
  Mode: FUNC
  Corner: Slow
  Scenario: FUNC_Slow
  Path Group: clk
  Path Type: max

  Point                                                                    Incr      Path  
  ------------------------------------------------------------------------------------------------
  clock clk (rise edge)                                                    0.00      0.00
  clock network delay (ideal)                                              0.00      0.00

  gen_ports[2].port_inst/my_fifo/count_reg[1]/CLK (SDFFSSRX1_RVT)          0.00      0.00 r
  gen_ports[2].port_inst/my_fifo/count_reg[1]/Q (SDFFSSRX1_RVT)            0.34      0.34 f
  gen_ports[2].port_inst/my_fifo/ctmi_819/Y (OR3X1_RVT)                    0.20      0.54 f
  gen_ports[2].port_inst/my_fifo/phfnr_buf_418/Y (INVX0_RVT)               0.11      0.65 r
  gen_ports[2].port_inst/my_fifo/ctmi_818/Y (NAND2X0_RVT)                  0.16      0.81 f
  gen_ports[2].port_inst/my_fifo/ctmi_826/Y (NAND2X0_RVT)                  0.31      1.12 r
  gen_ports[2].port_inst/my_fifo/ctmi_828/Y (AO21X1_RVT)                   0.25      1.38 r
  gen_ports[2].port_inst/my_fifo/phfnr_buf_421/Y (INVX0_RVT)               0.09      1.47 f
  gen_ports[2].port_inst/my_fifo/ctmi_912/Y (AND3X1_RVT)                   0.20      1.66 f
  gen_ports[2].port_inst/my_fifo/ctmi_941/Y (AND3X1_RVT)                   0.17      1.84 f
  gen_ports[2].port_inst/my_fifo/clock_gate_mem_reg_2/EN (CGLPPRX2_RVT)    0.00      1.84 f
  data arrival time                                                                  1.84

  clock clk (rise edge)                                                   10.00     10.00
  clock network delay (ideal)                                             -0.20      9.80
  gen_ports[2].port_inst/my_fifo/clock_gate_mem_reg_2/CLK (CGLPPRX2_RVT)   0.00      9.80 r
  clock uncertainty                                                       -0.15      9.65
  library setup time                                                      -0.29      9.36
  data required time                                                                 9.36
  ------------------------------------------------------------------------------------------------
  data required time                                                                 9.36
  data arrival time                                                                 -1.84
  ------------------------------------------------------------------------------------------------
  slack (MET)                                                                        7.52



  Startpoint: gen_ports[2].port_inst/my_fifo/count_reg[1] (rising edge-triggered flip-flop clocked by clk)
  Endpoint: gen_ports[2].port_inst/my_fifo/clock_gate_mem_reg_5 (rising clock gating-check end-point clocked by clk)
  Mode: FUNC
  Corner: Slow
  Scenario: FUNC_Slow
  Path Group: clk
  Path Type: max

  Point                                                                    Incr      Path  
  ------------------------------------------------------------------------------------------------
  clock clk (rise edge)                                                    0.00      0.00
  clock network delay (ideal)                                              0.00      0.00

  gen_ports[2].port_inst/my_fifo/count_reg[1]/CLK (SDFFSSRX1_RVT)          0.00      0.00 r
  gen_ports[2].port_inst/my_fifo/count_reg[1]/Q (SDFFSSRX1_RVT)            0.34      0.34 f
  gen_ports[2].port_inst/my_fifo/ctmi_819/Y (OR3X1_RVT)                    0.20      0.54 f
  gen_ports[2].port_inst/my_fifo/phfnr_buf_418/Y (INVX0_RVT)               0.11      0.65 r
  gen_ports[2].port_inst/my_fifo/ctmi_818/Y (NAND2X0_RVT)                  0.16      0.81 f
  gen_ports[2].port_inst/my_fifo/ctmi_826/Y (NAND2X0_RVT)                  0.31      1.12 r
  gen_ports[2].port_inst/my_fifo/ctmi_828/Y (AO21X1_RVT)                   0.25      1.38 r
  gen_ports[2].port_inst/my_fifo/phfnr_buf_421/Y (INVX0_RVT)               0.09      1.47 f
  gen_ports[2].port_inst/my_fifo/ctmi_922/Y (AND3X1_RVT)                   0.19      1.66 f
  gen_ports[2].port_inst/my_fifo/ctmi_942/Y (AND3X1_RVT)                   0.18      1.83 f
  gen_ports[2].port_inst/my_fifo/clock_gate_mem_reg_5/EN (CGLPPRX2_RVT)    0.00      1.83 f
  data arrival time                                                                  1.83

  clock clk (rise edge)                                                   10.00     10.00
  clock network delay (ideal)                                             -0.20      9.80
  gen_ports[2].port_inst/my_fifo/clock_gate_mem_reg_5/CLK (CGLPPRX2_RVT)   0.00      9.80 r
  clock uncertainty                                                       -0.15      9.65
  library setup time                                                      -0.29      9.36
  data required time                                                                 9.36
  ------------------------------------------------------------------------------------------------
  data required time                                                                 9.36
  data arrival time                                                                 -1.83
  ------------------------------------------------------------------------------------------------
  slack (MET)                                                                        7.53



  Startpoint: gen_ports[0].port_inst/remaining_targets_reg[0] (rising edge-triggered flip-flop clocked by clk)
  Endpoint: gen_ports[1].port_inst/current_state_reg[0] (rising edge-triggered flip-flop clocked by clk)
  Mode: FUNC
  Corner: Slow
  Scenario: FUNC_Slow
  Path Group: clk
  Path Type: max

  Point                                                                    Incr      Path  
  ------------------------------------------------------------------------------------------------
  clock clk (rise edge)                                                    0.00      0.00
  clock network delay (ideal)                                              0.00      0.00

  gen_ports[0].port_inst/remaining_targets_reg[0]/CLK (SDFFX1_RVT)         0.00      0.00 r
  gen_ports[0].port_inst/remaining_targets_reg[0]/Q (SDFFX1_RVT)           0.34      0.34 r
  gen_ports[0].port_inst/ctmi_137/Y (OR3X1_RVT)                            0.18      0.52 r
  gen_ports[0].port_inst/ctmi_439/Y (OA221X2_RVT)                          0.26      0.77 r
  ctmi_1082/Y (NAND3X0_RVT)                                                0.18      0.95 f
  ctmi_1084/Y (AND3X2_RVT)                                                 0.33      1.28 f
  gen_ports[1].port_inst/HFSINV_574_485/Y (INVX0_RVT)                      0.13      1.42 r
  gen_ports[1].port_inst/ctmi_128/Y (AND2X1_RVT)                           0.13      1.55 r
  gen_ports[1].port_inst/ctmi_127/Y (OR4X1_RVT)                            0.25      1.80 r
  gen_ports[1].port_inst/ctmi_126/Y (AOI221X1_RVT)                         0.23      2.03 f
  gen_ports[1].port_inst/current_state_reg[0]/D (SDFFX1_RVT)               0.00      2.03 f
  data arrival time                                                                  2.03

  clock clk (rise edge)                                                   10.00     10.00
  clock network delay (ideal)                                              0.00     10.00
  gen_ports[1].port_inst/current_state_reg[0]/CLK (SDFFX1_RVT)             0.00     10.00 r
  clock uncertainty                                                       -0.15      9.85
  library setup time                                                      -0.29      9.56
  data required time                                                                 9.56
  ------------------------------------------------------------------------------------------------
  data required time                                                                 9.56
  data arrival time                                                                 -2.03
  ------------------------------------------------------------------------------------------------
  slack (MET)                                                                        7.53



  Startpoint: gen_ports[2].port_inst/my_fifo/count_reg[1] (rising edge-triggered flip-flop clocked by clk)
  Endpoint: gen_ports[2].port_inst/my_fifo/clock_gate_count_reg (rising clock gating-check end-point clocked by clk)
  Mode: FUNC
  Corner: Slow
  Scenario: FUNC_Slow
  Path Group: clk
  Path Type: max

  Point                                                                    Incr      Path  
  ------------------------------------------------------------------------------------------------
  clock clk (rise edge)                                                    0.00      0.00
  clock network delay (ideal)                                              0.00      0.00

  gen_ports[2].port_inst/my_fifo/count_reg[1]/CLK (SDFFSSRX1_RVT)          0.00      0.00 r
  gen_ports[2].port_inst/my_fifo/count_reg[1]/Q (SDFFSSRX1_RVT)            0.34      0.34 f
  gen_ports[2].port_inst/my_fifo/ctmi_819/Y (OR3X1_RVT)                    0.20      0.54 f
  gen_ports[2].port_inst/my_fifo/phfnr_buf_418/Y (INVX0_RVT)               0.11      0.65 r
  gen_ports[2].port_inst/my_fifo/ctmi_818/Y (NAND2X0_RVT)                  0.16      0.81 f
  gen_ports[2].port_inst/my_fifo/ctmi_826/Y (NAND2X0_RVT)                  0.31      1.12 r
  gen_ports[2].port_inst/my_fifo/ctmi_828/Y (AO21X1_RVT)                   0.25      1.38 r
  gen_ports[2].port_inst/my_fifo/phfnr_buf_421/Y (INVX0_RVT)               0.09      1.47 f
  gen_ports[2].port_inst/my_fifo/ctmi_827/Y (AND2X1_RVT)                   0.18      1.64 f
  gen_ports[2].port_inst/my_fifo/ctmi_824/Y (OR3X1_RVT)                    0.19      1.84 f
  gen_ports[2].port_inst/my_fifo/clock_gate_count_reg/EN (CGLPPRX2_RVT)    0.00      1.84 f
  data arrival time                                                                  1.84

  clock clk (rise edge)                                                   10.00     10.00
  clock network delay (ideal)                                             -0.19      9.81
  gen_ports[2].port_inst/my_fifo/clock_gate_count_reg/CLK (CGLPPRX2_RVT)   0.00      9.81 r
  clock uncertainty                                                       -0.15      9.66
  library setup time                                                      -0.29      9.37
  data required time                                                                 9.37
  ------------------------------------------------------------------------------------------------
  data required time                                                                 9.37
  data arrival time                                                                 -1.84
  ------------------------------------------------------------------------------------------------
  slack (MET)                                                                        7.53



  Startpoint: gen_ports[2].port_inst/my_fifo/count_reg[1] (rising edge-triggered flip-flop clocked by clk)
  Endpoint: gen_ports[2].port_inst/my_fifo/clock_gate_mem_reg_6 (rising clock gating-check end-point clocked by clk)
  Mode: FUNC
  Corner: Slow
  Scenario: FUNC_Slow
  Path Group: clk
  Path Type: max

  Point                                                                    Incr      Path  
  ------------------------------------------------------------------------------------------------
  clock clk (rise edge)                                                    0.00      0.00
  clock network delay (ideal)                                              0.00      0.00

  gen_ports[2].port_inst/my_fifo/count_reg[1]/CLK (SDFFSSRX1_RVT)          0.00      0.00 r
  gen_ports[2].port_inst/my_fifo/count_reg[1]/Q (SDFFSSRX1_RVT)            0.34      0.34 f
  gen_ports[2].port_inst/my_fifo/ctmi_819/Y (OR3X1_RVT)                    0.20      0.54 f
  gen_ports[2].port_inst/my_fifo/phfnr_buf_418/Y (INVX0_RVT)               0.11      0.65 r
  gen_ports[2].port_inst/my_fifo/ctmi_818/Y (NAND2X0_RVT)                  0.16      0.81 f
  gen_ports[2].port_inst/my_fifo/ctmi_826/Y (NAND2X0_RVT)                  0.31      1.12 r
  gen_ports[2].port_inst/my_fifo/ctmi_828/Y (AO21X1_RVT)                   0.25      1.38 r
  gen_ports[2].port_inst/my_fifo/phfnr_buf_421/Y (INVX0_RVT)               0.09      1.47 f
  gen_ports[2].port_inst/my_fifo/ctmi_922/Y (AND3X1_RVT)                   0.19      1.66 f
  gen_ports[2].port_inst/my_fifo/ctmi_943/Y (AND3X1_RVT)                   0.17      1.83 f
  gen_ports[2].port_inst/my_fifo/clock_gate_mem_reg_6/EN (CGLPPRX2_RVT)    0.00      1.83 f
  data arrival time                                                                  1.83

  clock clk (rise edge)                                                   10.00     10.00
  clock network delay (ideal)                                             -0.20      9.80
  gen_ports[2].port_inst/my_fifo/clock_gate_mem_reg_6/CLK (CGLPPRX2_RVT)   0.00      9.80 r
  clock uncertainty                                                       -0.15      9.65
  library setup time                                                      -0.29      9.36
  data required time                                                                 9.36
  ------------------------------------------------------------------------------------------------
  data required time                                                                 9.36
  data arrival time                                                                 -1.83
  ------------------------------------------------------------------------------------------------
  slack (MET)                                                                        7.54



  Startpoint: gen_ports[2].port_inst/my_fifo/count_reg[1] (rising edge-triggered flip-flop clocked by clk)
  Endpoint: gen_ports[2].port_inst/my_fifo/clock_gate_mem_reg_4 (rising clock gating-check end-point clocked by clk)
  Mode: FUNC
  Corner: Slow
  Scenario: FUNC_Slow
  Path Group: clk
  Path Type: max

  Point                                                                    Incr      Path  
  ------------------------------------------------------------------------------------------------
  clock clk (rise edge)                                                    0.00      0.00
  clock network delay (ideal)                                              0.00      0.00

  gen_ports[2].port_inst/my_fifo/count_reg[1]/CLK (SDFFSSRX1_RVT)          0.00      0.00 r
  gen_ports[2].port_inst/my_fifo/count_reg[1]/Q (SDFFSSRX1_RVT)            0.34      0.34 f
  gen_ports[2].port_inst/my_fifo/ctmi_819/Y (OR3X1_RVT)                    0.20      0.54 f
  gen_ports[2].port_inst/my_fifo/phfnr_buf_418/Y (INVX0_RVT)               0.11      0.65 r
  gen_ports[2].port_inst/my_fifo/ctmi_818/Y (NAND2X0_RVT)                  0.16      0.81 f
  gen_ports[2].port_inst/my_fifo/ctmi_826/Y (NAND2X0_RVT)                  0.31      1.12 r
  gen_ports[2].port_inst/my_fifo/ctmi_828/Y (AO21X1_RVT)                   0.25      1.38 r
  gen_ports[2].port_inst/my_fifo/phfnr_buf_421/Y (INVX0_RVT)               0.09      1.47 f
  gen_ports[2].port_inst/my_fifo/ctmi_922/Y (AND3X1_RVT)                   0.19      1.66 f
  gen_ports[2].port_inst/my_fifo/ctmi_921/Y (AND2X1_RVT)                   0.15      1.80 f
  gen_ports[2].port_inst/my_fifo/clock_gate_mem_reg_4/EN (CGLPPRX2_RVT)    0.00      1.80 f
  data arrival time                                                                  1.80

  clock clk (rise edge)                                                   10.00     10.00
  clock network delay (ideal)                                             -0.20      9.80
  gen_ports[2].port_inst/my_fifo/clock_gate_mem_reg_4/CLK (CGLPPRX2_RVT)   0.00      9.80 r
  clock uncertainty                                                       -0.15      9.65
  library setup time                                                      -0.29      9.37
  data required time                                                                 9.37
  ------------------------------------------------------------------------------------------------
  data required time                                                                 9.37
  data arrival time                                                                 -1.80
  ------------------------------------------------------------------------------------------------
  slack (MET)                                                                        7.56



  Startpoint: gen_ports[0].port_inst/my_fifo/count_reg[1] (rising edge-triggered flip-flop clocked by clk)
  Endpoint: gen_ports[0].port_inst/my_fifo/clock_gate_mem_reg_1 (rising clock gating-check end-point clocked by clk)
  Mode: FUNC
  Corner: Slow
  Scenario: FUNC_Slow
  Path Group: clk
  Path Type: max

  Point                                                                    Incr      Path  
  ------------------------------------------------------------------------------------------------
  clock clk (rise edge)                                                    0.00      0.00
  clock network delay (ideal)                                              0.00      0.00

  gen_ports[0].port_inst/my_fifo/count_reg[1]/CLK (SDFFSSRX1_RVT)          0.00      0.00 r
  gen_ports[0].port_inst/my_fifo/count_reg[1]/Q (SDFFSSRX1_RVT)            0.34      0.34 f
  gen_ports[0].port_inst/my_fifo/ctmi_819/Y (OR3X1_RVT)                    0.20      0.54 f
  gen_ports[0].port_inst/my_fifo/phfnr_buf_390/Y (INVX0_RVT)               0.11      0.65 r
  gen_ports[0].port_inst/my_fifo/ctmi_823/Y (AND2X1_RVT)                   0.18      0.83 r
  gen_ports[0].port_inst/ctmi_13/Y (INVX0_RVT)                             0.08      0.90 f
  gen_ports[0].port_inst/TDBUF_468/Y (NBUFFX2_RVT)                         0.10      1.01 f
  gen_ports[0].port_inst/ctmi_118/Y (AND2X1_RVT)                           0.14      1.14 f
  gen_ports[0].port_inst/my_fifo/ctmTdsLR_2_522/Y (NAND2X0_RVT)            0.14      1.28 r
  gen_ports[0].port_inst/my_fifo/phfnr_buf_393/Y (INVX0_RVT)               0.10      1.38 f
  gen_ports[0].port_inst/my_fifo/ctmi_912/Y (AND3X1_RVT)                   0.21      1.59 f
  gen_ports[0].port_inst/my_fifo/ctmi_940/Y (AND3X1_RVT)                   0.20      1.79 f
  gen_ports[0].port_inst/my_fifo/clock_gate_mem_reg_1/EN (CGLPPRX2_RVT)    0.00      1.79 f
  data arrival time                                                                  1.79

  clock clk (rise edge)                                                   10.00     10.00
  clock network delay (ideal)                                             -0.20      9.80
  gen_ports[0].port_inst/my_fifo/clock_gate_mem_reg_1/CLK (CGLPPRX2_RVT)   0.00      9.80 r
  clock uncertainty                                                       -0.15      9.65
  library setup time                                                      -0.30      9.35
  data required time                                                                 9.35
  ------------------------------------------------------------------------------------------------
  data required time                                                                 9.35
  data arrival time                                                                 -1.79
  ------------------------------------------------------------------------------------------------
  slack (MET)                                                                        7.56



  Startpoint: gen_ports[2].port_inst/my_fifo/count_reg[1] (rising edge-triggered flip-flop clocked by clk)
  Endpoint: gen_ports[2].port_inst/my_fifo/clock_gate_mem_reg (rising clock gating-check end-point clocked by clk)
  Mode: FUNC
  Corner: Slow
  Scenario: FUNC_Slow
  Path Group: clk
  Path Type: max

  Point                                                                    Incr      Path  
  ------------------------------------------------------------------------------------------------
  clock clk (rise edge)                                                    0.00      0.00
  clock network delay (ideal)                                              0.00      0.00

  gen_ports[2].port_inst/my_fifo/count_reg[1]/CLK (SDFFSSRX1_RVT)          0.00      0.00 r
  gen_ports[2].port_inst/my_fifo/count_reg[1]/Q (SDFFSSRX1_RVT)            0.34      0.34 f
  gen_ports[2].port_inst/my_fifo/ctmi_819/Y (OR3X1_RVT)                    0.20      0.54 f
  gen_ports[2].port_inst/my_fifo/phfnr_buf_418/Y (INVX0_RVT)               0.11      0.65 r
  gen_ports[2].port_inst/my_fifo/ctmi_818/Y (NAND2X0_RVT)                  0.16      0.81 f
  gen_ports[2].port_inst/my_fifo/ctmi_826/Y (NAND2X0_RVT)                  0.31      1.12 r
  gen_ports[2].port_inst/my_fifo/ctmi_828/Y (AO21X1_RVT)                   0.25      1.38 r
  gen_ports[2].port_inst/my_fifo/phfnr_buf_421/Y (INVX0_RVT)               0.09      1.47 f
  gen_ports[2].port_inst/my_fifo/ctmi_912/Y (AND3X1_RVT)                   0.20      1.66 f
  gen_ports[2].port_inst/my_fifo/ctmi_911/Y (AND2X1_RVT)                   0.13      1.80 f
  gen_ports[2].port_inst/my_fifo/clock_gate_mem_reg/EN (CGLPPRX2_RVT)      0.00      1.80 f
  data arrival time                                                                  1.80

  clock clk (rise edge)                                                   10.00     10.00
  clock network delay (ideal)                                             -0.20      9.80
  gen_ports[2].port_inst/my_fifo/clock_gate_mem_reg/CLK (CGLPPRX2_RVT)     0.00      9.80 r
  clock uncertainty                                                       -0.15      9.65
  library setup time                                                      -0.29      9.37
  data required time                                                                 9.37
  ------------------------------------------------------------------------------------------------
  data required time                                                                 9.37
  data arrival time                                                                 -1.80
  ------------------------------------------------------------------------------------------------
  slack (MET)                                                                        7.57



  Startpoint: gen_ports[2].port_inst/my_fifo/count_reg[1] (rising edge-triggered flip-flop clocked by clk)
  Endpoint: gen_ports[2].port_inst/my_fifo/clock_gate_mem_reg_7 (rising clock gating-check end-point clocked by clk)
  Mode: FUNC
  Corner: Slow
  Scenario: FUNC_Slow
  Path Group: clk
  Path Type: max

  Point                                                                    Incr      Path  
  ------------------------------------------------------------------------------------------------
  clock clk (rise edge)                                                    0.00      0.00
  clock network delay (ideal)                                              0.00      0.00

  gen_ports[2].port_inst/my_fifo/count_reg[1]/CLK (SDFFSSRX1_RVT)          0.00      0.00 r
  gen_ports[2].port_inst/my_fifo/count_reg[1]/Q (SDFFSSRX1_RVT)            0.34      0.34 f
  gen_ports[2].port_inst/my_fifo/ctmi_819/Y (OR3X1_RVT)                    0.20      0.54 f
  gen_ports[2].port_inst/my_fifo/phfnr_buf_418/Y (INVX0_RVT)               0.11      0.65 r
  gen_ports[2].port_inst/my_fifo/ctmi_818/Y (NAND2X0_RVT)                  0.16      0.81 f
  gen_ports[2].port_inst/my_fifo/ctmi_826/Y (NAND2X0_RVT)                  0.31      1.12 r
  gen_ports[2].port_inst/my_fifo/ctmi_828/Y (AO21X1_RVT)                   0.25      1.38 r
  gen_ports[2].port_inst/my_fifo/phfnr_buf_421/Y (INVX0_RVT)               0.09      1.47 f
  gen_ports[2].port_inst/my_fifo/ctmi_922/Y (AND3X1_RVT)                   0.19      1.66 f
  gen_ports[2].port_inst/my_fifo/ctmi_923/Y (AND2X1_RVT)                   0.14      1.80 f
  gen_ports[2].port_inst/my_fifo/clock_gate_mem_reg_7/EN (CGLPPRX2_RVT)    0.00      1.80 f
  data arrival time                                                                  1.80

  clock clk (rise edge)                                                   10.00     10.00
  clock network delay (ideal)                                             -0.20      9.80
  gen_ports[2].port_inst/my_fifo/clock_gate_mem_reg_7/CLK (CGLPPRX2_RVT)   0.00      9.80 r
  clock uncertainty                                                       -0.15      9.65
  library setup time                                                      -0.28      9.37
  data required time                                                                 9.37
  ------------------------------------------------------------------------------------------------
  data required time                                                                 9.37
  data arrival time                                                                 -1.80
  ------------------------------------------------------------------------------------------------
  slack (MET)                                                                        7.57



  Startpoint: gen_ports[2].port_inst/my_fifo/count_reg[1] (rising edge-triggered flip-flop clocked by clk)
  Endpoint: gen_ports[2].port_inst/my_fifo/clock_gate_mem_reg_3 (rising clock gating-check end-point clocked by clk)
  Mode: FUNC
  Corner: Slow
  Scenario: FUNC_Slow
  Path Group: clk
  Path Type: max

  Point                                                                    Incr      Path  
  ------------------------------------------------------------------------------------------------
  clock clk (rise edge)                                                    0.00      0.00
  clock network delay (ideal)                                              0.00      0.00

  gen_ports[2].port_inst/my_fifo/count_reg[1]/CLK (SDFFSSRX1_RVT)          0.00      0.00 r
  gen_ports[2].port_inst/my_fifo/count_reg[1]/Q (SDFFSSRX1_RVT)            0.34      0.34 f
  gen_ports[2].port_inst/my_fifo/ctmi_819/Y (OR3X1_RVT)                    0.20      0.54 f
  gen_ports[2].port_inst/my_fifo/phfnr_buf_418/Y (INVX0_RVT)               0.11      0.65 r
  gen_ports[2].port_inst/my_fifo/ctmi_818/Y (NAND2X0_RVT)                  0.16      0.81 f
  gen_ports[2].port_inst/my_fifo/ctmi_826/Y (NAND2X0_RVT)                  0.31      1.12 r
  gen_ports[2].port_inst/my_fifo/ctmi_828/Y (AO21X1_RVT)                   0.25      1.38 r
  gen_ports[2].port_inst/my_fifo/phfnr_buf_421/Y (INVX0_RVT)               0.09      1.47 f
  gen_ports[2].port_inst/my_fifo/ctmi_912/Y (AND3X1_RVT)                   0.20      1.66 f
  gen_ports[2].port_inst/my_fifo/ctmi_918/Y (AND2X1_RVT)                   0.13      1.79 f
  gen_ports[2].port_inst/my_fifo/clock_gate_mem_reg_3/EN (CGLPPRX2_RVT)    0.00      1.79 f
  data arrival time                                                                  1.79

  clock clk (rise edge)                                                   10.00     10.00
  clock network delay (ideal)                                             -0.20      9.80
  gen_ports[2].port_inst/my_fifo/clock_gate_mem_reg_3/CLK (CGLPPRX2_RVT)   0.00      9.80 r
  clock uncertainty                                                       -0.15      9.65
  library setup time                                                      -0.28      9.37
  data required time                                                                 9.37
  ------------------------------------------------------------------------------------------------
  data required time                                                                 9.37
  data arrival time                                                                 -1.79
  ------------------------------------------------------------------------------------------------
  slack (MET)                                                                        7.57



  Startpoint: gen_ports[0].port_inst/my_fifo/count_reg[1] (rising edge-triggered flip-flop clocked by clk)
  Endpoint: gen_ports[0].port_inst/my_fifo/clock_gate_mem_reg_2 (rising clock gating-check end-point clocked by clk)
  Mode: FUNC
  Corner: Slow
  Scenario: FUNC_Slow
  Path Group: clk
  Path Type: max

  Point                                                                    Incr      Path  
  ------------------------------------------------------------------------------------------------
  clock clk (rise edge)                                                    0.00      0.00
  clock network delay (ideal)                                              0.00      0.00

  gen_ports[0].port_inst/my_fifo/count_reg[1]/CLK (SDFFSSRX1_RVT)          0.00      0.00 r
  gen_ports[0].port_inst/my_fifo/count_reg[1]/Q (SDFFSSRX1_RVT)            0.34      0.34 f
  gen_ports[0].port_inst/my_fifo/ctmi_819/Y (OR3X1_RVT)                    0.20      0.54 f
  gen_ports[0].port_inst/my_fifo/phfnr_buf_390/Y (INVX0_RVT)               0.11      0.65 r
  gen_ports[0].port_inst/my_fifo/ctmi_823/Y (AND2X1_RVT)                   0.18      0.83 r
  gen_ports[0].port_inst/ctmi_13/Y (INVX0_RVT)                             0.08      0.90 f
  gen_ports[0].port_inst/TDBUF_468/Y (NBUFFX2_RVT)                         0.10      1.01 f
  gen_ports[0].port_inst/ctmi_118/Y (AND2X1_RVT)                           0.14      1.14 f
  gen_ports[0].port_inst/my_fifo/ctmTdsLR_2_522/Y (NAND2X0_RVT)            0.14      1.28 r
  gen_ports[0].port_inst/my_fifo/phfnr_buf_393/Y (INVX0_RVT)               0.10      1.38 f
  gen_ports[0].port_inst/my_fifo/ctmi_912/Y (AND3X1_RVT)                   0.21      1.59 f
  gen_ports[0].port_inst/my_fifo/ctmi_941/Y (AND3X1_RVT)                   0.19      1.78 f
  gen_ports[0].port_inst/my_fifo/clock_gate_mem_reg_2/EN (CGLPPRX2_RVT)    0.00      1.78 f
  data arrival time                                                                  1.78

  clock clk (rise edge)                                                   10.00     10.00
  clock network delay (ideal)                                             -0.20      9.80
  gen_ports[0].port_inst/my_fifo/clock_gate_mem_reg_2/CLK (CGLPPRX2_RVT)   0.00      9.80 r
  clock uncertainty                                                       -0.15      9.65
  library setup time                                                      -0.29      9.36
  data required time                                                                 9.36
  ------------------------------------------------------------------------------------------------
  data required time                                                                 9.36
  data arrival time                                                                 -1.78
  ------------------------------------------------------------------------------------------------
  slack (MET)                                                                        7.58


1
