****************************************
Report : timing
        -path_type full
        -delay_type min
        -max_paths 20
        -report_by design
        -nosplit
Design : switch_4port
Version: V-2023.12-SP3
Date   : Tue Jan 20 20:52:44 2026
****************************************

  Startpoint: port3.target_in[0] (input port clocked by clk)
  Endpoint: gen_ports[3].port_inst/my_fifo/mem_reg[0][8] (rising edge-triggered flip-flop clocked by clk)
  Mode: FUNC
  Corner: Slow
  Scenario: FUNC_Slow
  Path Group: **in2reg_default**
  Path Type: min

  Point                                                          Incr      Path  
  --------------------------------------------------------------------------------------
  clock clk (rise edge)                                          0.00      0.00
  clock network delay (ideal)                                    0.00      0.00
  input external delay                                           0.00      0.00 f
  port3.target_in[0] (inout)                                     0.00      0.00 f
  gen_ports[3].port_inst/my_fifo/mem_reg[0][8]/D (SDFFX1_RVT)    0.00      0.00 f
  data arrival time                                                        0.00

  clock clk (rise edge)                                          0.00      0.00
  clock network delay (ideal)                                    0.00      0.00
  gen_ports[3].port_inst/my_fifo/mem_reg[0][8]/CLK (SDFFX1_RVT)   0.00     0.00 r
  clock uncertainty                                              0.05      0.05
  library hold time                                             -0.10     -0.05
  data required time                                                      -0.05
  --------------------------------------------------------------------------------------
  data required time                                                      -0.05
  data arrival time                                                       -0.00
  --------------------------------------------------------------------------------------
  slack (MET)                                                              0.05



  Startpoint: port1.source_in[0] (input port clocked by clk)
  Endpoint: gen_ports[1].port_inst/my_fifo/mem_reg[1][12] (rising edge-triggered flip-flop clocked by clk)
  Mode: FUNC
  Corner: Slow
  Scenario: FUNC_Slow
  Path Group: **in2reg_default**
  Path Type: min

  Point                                                           Incr      Path  
  ---------------------------------------------------------------------------------------
  clock clk (rise edge)                                           0.00      0.00
  clock network delay (ideal)                                     0.00      0.00
  input external delay                                            0.00      0.00 f
  port1.source_in[0] (inout)                                      0.00      0.00 f
  gen_ports[1].port_inst/my_fifo/mem_reg[1][12]/D (SDFFX1_RVT)    0.00      0.00 f
  data arrival time                                                         0.00

  clock clk (rise edge)                                           0.00      0.00
  clock network delay (ideal)                                     0.00      0.00
  gen_ports[1].port_inst/my_fifo/mem_reg[1][12]/CLK (SDFFX1_RVT)   0.00     0.00 r
  clock uncertainty                                               0.05      0.05
  library hold time                                              -0.10     -0.05
  data required time                                                       -0.05
  ---------------------------------------------------------------------------------------
  data required time                                                       -0.05
  data arrival time                                                        -0.00
  ---------------------------------------------------------------------------------------
  slack (MET)                                                               0.05



  Startpoint: port1.target_in[2] (input port clocked by clk)
  Endpoint: gen_ports[1].port_inst/my_fifo/mem_reg[0][10] (rising edge-triggered flip-flop clocked by clk)
  Mode: FUNC
  Corner: Slow
  Scenario: FUNC_Slow
  Path Group: **in2reg_default**
  Path Type: min

  Point                                                           Incr      Path  
  ---------------------------------------------------------------------------------------
  clock clk (rise edge)                                           0.00      0.00
  clock network delay (ideal)                                     0.00      0.00
  input external delay                                            0.00      0.00 f
  port1.target_in[2] (inout)                                      0.00      0.00 f
  gen_ports[1].port_inst/my_fifo/mem_reg[0][10]/D (SDFFX1_RVT)    0.00      0.00 f
  data arrival time                                                         0.00

  clock clk (rise edge)                                           0.00      0.00
  clock network delay (ideal)                                     0.00      0.00
  gen_ports[1].port_inst/my_fifo/mem_reg[0][10]/CLK (SDFFX1_RVT)   0.00     0.00 r
  clock uncertainty                                               0.05      0.05
  library hold time                                              -0.10     -0.05
  data required time                                                       -0.05
  ---------------------------------------------------------------------------------------
  data required time                                                       -0.05
  data arrival time                                                        -0.00
  ---------------------------------------------------------------------------------------
  slack (MET)                                                               0.05



  Startpoint: port1.source_in[1] (input port clocked by clk)
  Endpoint: gen_ports[1].port_inst/my_fifo/mem_reg[0][13] (rising edge-triggered flip-flop clocked by clk)
  Mode: FUNC
  Corner: Slow
  Scenario: FUNC_Slow
  Path Group: **in2reg_default**
  Path Type: min

  Point                                                           Incr      Path  
  ---------------------------------------------------------------------------------------
  clock clk (rise edge)                                           0.00      0.00
  clock network delay (ideal)                                     0.00      0.00
  input external delay                                            0.00      0.00 f
  port1.source_in[1] (inout)                                      0.00      0.00 f
  gen_ports[1].port_inst/my_fifo/mem_reg[0][13]/D (SDFFX1_RVT)    0.00      0.00 f
  data arrival time                                                         0.00

  clock clk (rise edge)                                           0.00      0.00
  clock network delay (ideal)                                     0.00      0.00
  gen_ports[1].port_inst/my_fifo/mem_reg[0][13]/CLK (SDFFX1_RVT)   0.00     0.00 r
  clock uncertainty                                               0.05      0.05
  library hold time                                              -0.10     -0.05
  data required time                                                       -0.05
  ---------------------------------------------------------------------------------------
  data required time                                                       -0.05
  data arrival time                                                        -0.00
  ---------------------------------------------------------------------------------------
  slack (MET)                                                               0.05



  Startpoint: port3.data_in[7] (input port clocked by clk)
  Endpoint: gen_ports[3].port_inst/my_fifo/mem_reg[1][7] (rising edge-triggered flip-flop clocked by clk)
  Mode: FUNC
  Corner: Slow
  Scenario: FUNC_Slow
  Path Group: **in2reg_default**
  Path Type: min

  Point                                                           Incr      Path  
  ---------------------------------------------------------------------------------------
  clock clk (rise edge)                                           0.00      0.00
  clock network delay (ideal)                                     0.00      0.00
  input external delay                                            0.00      0.00 f
  port3.data_in[7] (inout)                                        0.00      0.00 f
  gen_ports[3].port_inst/my_fifo/mem_reg[1][7]/D (SDFFX1_RVT)     0.00      0.00 f
  data arrival time                                                         0.00

  clock clk (rise edge)                                           0.00      0.00
  clock network delay (ideal)                                     0.00      0.00
  gen_ports[3].port_inst/my_fifo/mem_reg[1][7]/CLK (SDFFX1_RVT)   0.00      0.00 r
  clock uncertainty                                               0.05      0.05
  library hold time                                              -0.10     -0.05
  data required time                                                       -0.05
  ---------------------------------------------------------------------------------------
  data required time                                                       -0.05
  data arrival time                                                        -0.00
  ---------------------------------------------------------------------------------------
  slack (MET)                                                               0.05



  Startpoint: port3.target_in[0] (input port clocked by clk)
  Endpoint: gen_ports[3].port_inst/my_fifo/mem_reg[1][8] (rising edge-triggered flip-flop clocked by clk)
  Mode: FUNC
  Corner: Slow
  Scenario: FUNC_Slow
  Path Group: **in2reg_default**
  Path Type: min

  Point                                                           Incr      Path  
  ---------------------------------------------------------------------------------------
  clock clk (rise edge)                                           0.00      0.00
  clock network delay (ideal)                                     0.00      0.00
  input external delay                                            0.00      0.00 f
  port3.target_in[0] (inout)                                      0.00      0.00 f
  gen_ports[3].port_inst/my_fifo/mem_reg[1][8]/D (SDFFX1_RVT)     0.00      0.00 f
  data arrival time                                                         0.00

  clock clk (rise edge)                                           0.00      0.00
  clock network delay (ideal)                                     0.00      0.00
  gen_ports[3].port_inst/my_fifo/mem_reg[1][8]/CLK (SDFFX1_RVT)   0.00      0.00 r
  clock uncertainty                                               0.05      0.05
  library hold time                                              -0.10     -0.05
  data required time                                                       -0.05
  ---------------------------------------------------------------------------------------
  data required time                                                       -0.05
  data arrival time                                                        -0.00
  ---------------------------------------------------------------------------------------
  slack (MET)                                                               0.05



  Startpoint: port3.data_in[4] (input port clocked by clk)
  Endpoint: gen_ports[3].port_inst/my_fifo/mem_reg[0][4] (rising edge-triggered flip-flop clocked by clk)
  Mode: FUNC
  Corner: Slow
  Scenario: FUNC_Slow
  Path Group: **in2reg_default**
  Path Type: min

  Point                                                           Incr      Path  
  ---------------------------------------------------------------------------------------
  clock clk (rise edge)                                           0.00      0.00
  clock network delay (ideal)                                     0.00      0.00
  input external delay                                            0.00      0.00 f
  port3.data_in[4] (inout)                                        0.00      0.00 f
  gen_ports[3].port_inst/my_fifo/mem_reg[0][4]/D (SDFFX1_RVT)     0.00      0.00 f
  data arrival time                                                         0.00

  clock clk (rise edge)                                           0.00      0.00
  clock network delay (ideal)                                     0.00      0.00
  gen_ports[3].port_inst/my_fifo/mem_reg[0][4]/CLK (SDFFX1_RVT)   0.00      0.00 r
  clock uncertainty                                               0.05      0.05
  library hold time                                              -0.10     -0.05
  data required time                                                       -0.05
  ---------------------------------------------------------------------------------------
  data required time                                                       -0.05
  data arrival time                                                        -0.00
  ---------------------------------------------------------------------------------------
  slack (MET)                                                               0.05



  Startpoint: port3.data_in[5] (input port clocked by clk)
  Endpoint: gen_ports[3].port_inst/my_fifo/mem_reg[0][5] (rising edge-triggered flip-flop clocked by clk)
  Mode: FUNC
  Corner: Slow
  Scenario: FUNC_Slow
  Path Group: **in2reg_default**
  Path Type: min

  Point                                                           Incr      Path  
  ---------------------------------------------------------------------------------------
  clock clk (rise edge)                                           0.00      0.00
  clock network delay (ideal)                                     0.00      0.00
  input external delay                                            0.00      0.00 f
  port3.data_in[5] (inout)                                        0.00      0.00 f
  gen_ports[3].port_inst/my_fifo/mem_reg[0][5]/D (SDFFX1_RVT)     0.00      0.00 f
  data arrival time                                                         0.00

  clock clk (rise edge)                                           0.00      0.00
  clock network delay (ideal)                                     0.00      0.00
  gen_ports[3].port_inst/my_fifo/mem_reg[0][5]/CLK (SDFFX1_RVT)   0.00      0.00 r
  clock uncertainty                                               0.05      0.05
  library hold time                                              -0.10     -0.05
  data required time                                                       -0.05
  ---------------------------------------------------------------------------------------
  data required time                                                       -0.05
  data arrival time                                                        -0.00
  ---------------------------------------------------------------------------------------
  slack (MET)                                                               0.05



  Startpoint: port3.data_in[7] (input port clocked by clk)
  Endpoint: gen_ports[3].port_inst/my_fifo/mem_reg[0][7] (rising edge-triggered flip-flop clocked by clk)
  Mode: FUNC
  Corner: Slow
  Scenario: FUNC_Slow
  Path Group: **in2reg_default**
  Path Type: min

  Point                                                           Incr      Path  
  ---------------------------------------------------------------------------------------
  clock clk (rise edge)                                           0.00      0.00
  clock network delay (ideal)                                     0.00      0.00
  input external delay                                            0.00      0.00 f
  port3.data_in[7] (inout)                                        0.00      0.00 f
  gen_ports[3].port_inst/my_fifo/mem_reg[0][7]/D (SDFFX1_RVT)     0.00      0.00 f
  data arrival time                                                         0.00

  clock clk (rise edge)                                           0.00      0.00
  clock network delay (ideal)                                     0.00      0.00
  gen_ports[3].port_inst/my_fifo/mem_reg[0][7]/CLK (SDFFX1_RVT)   0.00      0.00 r
  clock uncertainty                                               0.05      0.05
  library hold time                                              -0.10     -0.05
  data required time                                                       -0.05
  ---------------------------------------------------------------------------------------
  data required time                                                       -0.05
  data arrival time                                                        -0.00
  ---------------------------------------------------------------------------------------
  slack (MET)                                                               0.05



  Startpoint: port0.data_in[7] (input port clocked by clk)
  Endpoint: gen_ports[0].port_inst/my_fifo/mem_reg[1][7] (rising edge-triggered flip-flop clocked by clk)
  Mode: FUNC
  Corner: Fast
  Scenario: FUNC_Fast
  Path Group: **in2reg_default**
  Path Type: min

  Point                                                           Incr      Path  
  ---------------------------------------------------------------------------------------
  clock clk (rise edge)                                           0.00      0.00
  clock network delay (ideal)                                     0.00      0.00
  input external delay                                            0.00      0.00 f
  port0.data_in[7] (inout)                                        0.00      0.00 f
  gen_ports[0].port_inst/my_fifo/mem_reg[1][7]/D (SDFFX1_RVT)     0.00      0.00 f
  data arrival time                                                         0.00

  clock clk (rise edge)                                           0.00      0.00
  clock network delay (ideal)                                     0.00      0.00
  gen_ports[0].port_inst/my_fifo/mem_reg[1][7]/CLK (SDFFX1_RVT)   0.00      0.00 r
  clock uncertainty                                               0.05      0.05
  library hold time                                              -0.10     -0.05
  data required time                                                       -0.05
  ---------------------------------------------------------------------------------------
  data required time                                                       -0.05
  data arrival time                                                        -0.00
  ---------------------------------------------------------------------------------------
  slack (MET)                                                               0.05



  Startpoint: port2.data_in[5] (input port clocked by clk)
  Endpoint: gen_ports[2].port_inst/my_fifo/mem_reg[1][5] (rising edge-triggered flip-flop clocked by clk)
  Mode: FUNC
  Corner: Fast
  Scenario: FUNC_Fast
  Path Group: **in2reg_default**
  Path Type: min

  Point                                                           Incr      Path  
  ---------------------------------------------------------------------------------------
  clock clk (rise edge)                                           0.00      0.00
  clock network delay (ideal)                                     0.00      0.00
  input external delay                                            0.00      0.00 f
  port2.data_in[5] (inout)                                        0.00      0.00 f
  gen_ports[2].port_inst/my_fifo/mem_reg[1][5]/D (SDFFX1_RVT)     0.00      0.00 f
  data arrival time                                                         0.00

  clock clk (rise edge)                                           0.00      0.00
  clock network delay (ideal)                                     0.00      0.00
  gen_ports[2].port_inst/my_fifo/mem_reg[1][5]/CLK (SDFFX1_RVT)   0.00      0.00 r
  clock uncertainty                                               0.05      0.05
  library hold time                                              -0.10     -0.05
  data required time                                                       -0.05
  ---------------------------------------------------------------------------------------
  data required time                                                       -0.05
  data arrival time                                                        -0.00
  ---------------------------------------------------------------------------------------
  slack (MET)                                                               0.05



  Startpoint: port2.source_in[1] (input port clocked by clk)
  Endpoint: gen_ports[2].port_inst/my_fifo/mem_reg[1][13] (rising edge-triggered flip-flop clocked by clk)
  Mode: FUNC
  Corner: Fast
  Scenario: FUNC_Fast
  Path Group: **in2reg_default**
  Path Type: min

  Point                                                           Incr      Path  
  ---------------------------------------------------------------------------------------
  clock clk (rise edge)                                           0.00      0.00
  clock network delay (ideal)                                     0.00      0.00
  input external delay                                            0.00      0.00 f
  port2.source_in[1] (inout)                                      0.00      0.00 f
  gen_ports[2].port_inst/my_fifo/mem_reg[1][13]/D (SDFFX1_RVT)    0.00      0.00 f
  data arrival time                                                         0.00

  clock clk (rise edge)                                           0.00      0.00
  clock network delay (ideal)                                     0.00      0.00
  gen_ports[2].port_inst/my_fifo/mem_reg[1][13]/CLK (SDFFX1_RVT)   0.00     0.00 r
  clock uncertainty                                               0.05      0.05
  library hold time                                              -0.10     -0.05
  data required time                                                       -0.05
  ---------------------------------------------------------------------------------------
  data required time                                                       -0.05
  data arrival time                                                        -0.00
  ---------------------------------------------------------------------------------------
  slack (MET)                                                               0.05



  Startpoint: port3.data_in[4] (input port clocked by clk)
  Endpoint: gen_ports[3].port_inst/my_fifo/mem_reg[1][4] (rising edge-triggered flip-flop clocked by clk)
  Mode: FUNC
  Corner: Fast
  Scenario: FUNC_Fast
  Path Group: **in2reg_default**
  Path Type: min

  Point                                                           Incr      Path  
  ---------------------------------------------------------------------------------------
  clock clk (rise edge)                                           0.00      0.00
  clock network delay (ideal)                                     0.00      0.00
  input external delay                                            0.00      0.00 f
  port3.data_in[4] (inout)                                        0.00      0.00 f
  gen_ports[3].port_inst/my_fifo/mem_reg[1][4]/D (SDFFX1_RVT)     0.00      0.00 f
  data arrival time                                                         0.00

  clock clk (rise edge)                                           0.00      0.00
  clock network delay (ideal)                                     0.00      0.00
  gen_ports[3].port_inst/my_fifo/mem_reg[1][4]/CLK (SDFFX1_RVT)   0.00      0.00 r
  clock uncertainty                                               0.05      0.05
  library hold time                                              -0.10     -0.05
  data required time                                                       -0.05
  ---------------------------------------------------------------------------------------
  data required time                                                       -0.05
  data arrival time                                                        -0.00
  ---------------------------------------------------------------------------------------
  slack (MET)                                                               0.05



  Startpoint: port0.source_in[2] (input port clocked by clk)
  Endpoint: gen_ports[0].port_inst/my_fifo/mem_reg[0][14] (rising edge-triggered flip-flop clocked by clk)
  Mode: FUNC
  Corner: Slow
  Scenario: FUNC_Slow
  Path Group: **in2reg_default**
  Path Type: min

  Point                                                           Incr      Path  
  ---------------------------------------------------------------------------------------
  clock clk (rise edge)                                           0.00      0.00
  clock network delay (ideal)                                     0.00      0.00
  input external delay                                            0.00      0.00 f
  port0.source_in[2] (inout)                                      0.00      0.00 f
  gen_ports[0].port_inst/my_fifo/mem_reg[0][14]/D (SDFFX1_RVT)    0.00      0.00 f
  data arrival time                                                         0.00

  clock clk (rise edge)                                           0.00      0.00
  clock network delay (ideal)                                     0.00      0.00
  gen_ports[0].port_inst/my_fifo/mem_reg[0][14]/CLK (SDFFX1_RVT)   0.00     0.00 r
  clock uncertainty                                               0.05      0.05
  library hold time                                              -0.10     -0.05
  data required time                                                       -0.05
  ---------------------------------------------------------------------------------------
  data required time                                                       -0.05
  data arrival time                                                        -0.00
  ---------------------------------------------------------------------------------------
  slack (MET)                                                               0.05



  Startpoint: port0.data_in[4] (input port clocked by clk)
  Endpoint: gen_ports[0].port_inst/my_fifo/mem_reg[0][4] (rising edge-triggered flip-flop clocked by clk)
  Mode: FUNC
  Corner: Slow
  Scenario: FUNC_Slow
  Path Group: **in2reg_default**
  Path Type: min

  Point                                                           Incr      Path  
  ---------------------------------------------------------------------------------------
  clock clk (rise edge)                                           0.00      0.00
  clock network delay (ideal)                                     0.00      0.00
  input external delay                                            0.00      0.00 f
  port0.data_in[4] (inout)                                        0.00      0.00 f
  gen_ports[0].port_inst/my_fifo/mem_reg[0][4]/D (SDFFX1_RVT)     0.00      0.00 f
  data arrival time                                                         0.00

  clock clk (rise edge)                                           0.00      0.00
  clock network delay (ideal)                                     0.00      0.00
  gen_ports[0].port_inst/my_fifo/mem_reg[0][4]/CLK (SDFFX1_RVT)   0.00      0.00 r
  clock uncertainty                                               0.05      0.05
  library hold time                                              -0.10     -0.05
  data required time                                                       -0.05
  ---------------------------------------------------------------------------------------
  data required time                                                       -0.05
  data arrival time                                                        -0.00
  ---------------------------------------------------------------------------------------
  slack (MET)                                                               0.05



  Startpoint: port0.source_in[1] (input port clocked by clk)
  Endpoint: gen_ports[0].port_inst/my_fifo/mem_reg[0][13] (rising edge-triggered flip-flop clocked by clk)
  Mode: FUNC
  Corner: Slow
  Scenario: FUNC_Slow
  Path Group: **in2reg_default**
  Path Type: min

  Point                                                           Incr      Path  
  ---------------------------------------------------------------------------------------
  clock clk (rise edge)                                           0.00      0.00
  clock network delay (ideal)                                     0.00      0.00
  input external delay                                            0.00      0.00 f
  port0.source_in[1] (inout)                                      0.00      0.00 f
  gen_ports[0].port_inst/my_fifo/mem_reg[0][13]/D (SDFFX1_RVT)    0.00      0.00 f
  data arrival time                                                         0.00

  clock clk (rise edge)                                           0.00      0.00
  clock network delay (ideal)                                     0.00      0.00
  gen_ports[0].port_inst/my_fifo/mem_reg[0][13]/CLK (SDFFX1_RVT)   0.00     0.00 r
  clock uncertainty                                               0.05      0.05
  library hold time                                              -0.10     -0.05
  data required time                                                       -0.05
  ---------------------------------------------------------------------------------------
  data required time                                                       -0.05
  data arrival time                                                        -0.00
  ---------------------------------------------------------------------------------------
  slack (MET)                                                               0.05



  Startpoint: port1.data_in[3] (input port clocked by clk)
  Endpoint: gen_ports[1].port_inst/my_fifo/mem_reg[1][3] (rising edge-triggered flip-flop clocked by clk)
  Mode: FUNC
  Corner: Slow
  Scenario: FUNC_Slow
  Path Group: **in2reg_default**
  Path Type: min

  Point                                                           Incr      Path  
  ---------------------------------------------------------------------------------------
  clock clk (rise edge)                                           0.00      0.00
  clock network delay (ideal)                                     0.00      0.00
  input external delay                                            0.00      0.00 f
  port1.data_in[3] (inout)                                        0.00      0.00 f
  gen_ports[1].port_inst/my_fifo/mem_reg[1][3]/D (SDFFX1_RVT)     0.00      0.00 f
  data arrival time                                                         0.00

  clock clk (rise edge)                                           0.00      0.00
  clock network delay (ideal)                                     0.00      0.00
  gen_ports[1].port_inst/my_fifo/mem_reg[1][3]/CLK (SDFFX1_RVT)   0.00      0.00 r
  clock uncertainty                                               0.05      0.05
  library hold time                                              -0.10     -0.05
  data required time                                                       -0.05
  ---------------------------------------------------------------------------------------
  data required time                                                       -0.05
  data arrival time                                                        -0.00
  ---------------------------------------------------------------------------------------
  slack (MET)                                                               0.05



  Startpoint: port1.target_in[2] (input port clocked by clk)
  Endpoint: gen_ports[1].port_inst/my_fifo/mem_reg[1][10] (rising edge-triggered flip-flop clocked by clk)
  Mode: FUNC
  Corner: Slow
  Scenario: FUNC_Slow
  Path Group: **in2reg_default**
  Path Type: min

  Point                                                           Incr      Path  
  ---------------------------------------------------------------------------------------
  clock clk (rise edge)                                           0.00      0.00
  clock network delay (ideal)                                     0.00      0.00
  input external delay                                            0.00      0.00 f
  port1.target_in[2] (inout)                                      0.00      0.00 f
  gen_ports[1].port_inst/my_fifo/mem_reg[1][10]/D (SDFFX1_RVT)    0.00      0.00 f
  data arrival time                                                         0.00

  clock clk (rise edge)                                           0.00      0.00
  clock network delay (ideal)                                     0.00      0.00
  gen_ports[1].port_inst/my_fifo/mem_reg[1][10]/CLK (SDFFX1_RVT)   0.00     0.00 r
  clock uncertainty                                               0.05      0.05
  library hold time                                              -0.10     -0.05
  data required time                                                       -0.05
  ---------------------------------------------------------------------------------------
  data required time                                                       -0.05
  data arrival time                                                        -0.00
  ---------------------------------------------------------------------------------------
  slack (MET)                                                               0.05



  Startpoint: port1.source_in[1] (input port clocked by clk)
  Endpoint: gen_ports[1].port_inst/my_fifo/mem_reg[1][13] (rising edge-triggered flip-flop clocked by clk)
  Mode: FUNC
  Corner: Slow
  Scenario: FUNC_Slow
  Path Group: **in2reg_default**
  Path Type: min

  Point                                                           Incr      Path  
  ---------------------------------------------------------------------------------------
  clock clk (rise edge)                                           0.00      0.00
  clock network delay (ideal)                                     0.00      0.00
  input external delay                                            0.00      0.00 f
  port1.source_in[1] (inout)                                      0.00      0.00 f
  gen_ports[1].port_inst/my_fifo/mem_reg[1][13]/D (SDFFX1_RVT)    0.00      0.00 f
  data arrival time                                                         0.00

  clock clk (rise edge)                                           0.00      0.00
  clock network delay (ideal)                                     0.00      0.00
  gen_ports[1].port_inst/my_fifo/mem_reg[1][13]/CLK (SDFFX1_RVT)   0.00     0.00 r
  clock uncertainty                                               0.05      0.05
  library hold time                                              -0.10     -0.05
  data required time                                                       -0.05
  ---------------------------------------------------------------------------------------
  data required time                                                       -0.05
  data arrival time                                                        -0.00
  ---------------------------------------------------------------------------------------
  slack (MET)                                                               0.05



  Startpoint: port1.target_in[0] (input port clocked by clk)
  Endpoint: gen_ports[1].port_inst/my_fifo/mem_reg[0][8] (rising edge-triggered flip-flop clocked by clk)
  Mode: FUNC
  Corner: Slow
  Scenario: FUNC_Slow
  Path Group: **in2reg_default**
  Path Type: min

  Point                                                           Incr      Path  
  ---------------------------------------------------------------------------------------
  clock clk (rise edge)                                           0.00      0.00
  clock network delay (ideal)                                     0.00      0.00
  input external delay                                            0.00      0.00 f
  port1.target_in[0] (inout)                                      0.00      0.00 f
  gen_ports[1].port_inst/my_fifo/mem_reg[0][8]/D (SDFFX1_RVT)     0.00      0.00 f
  data arrival time                                                         0.00

  clock clk (rise edge)                                           0.00      0.00
  clock network delay (ideal)                                     0.00      0.00
  gen_ports[1].port_inst/my_fifo/mem_reg[0][8]/CLK (SDFFX1_RVT)   0.00      0.00 r
  clock uncertainty                                               0.05      0.05
  library hold time                                              -0.10     -0.05
  data required time                                                       -0.05
  ---------------------------------------------------------------------------------------
  data required time                                                       -0.05
  data arrival time                                                        -0.00
  ---------------------------------------------------------------------------------------
  slack (MET)                                                               0.05


1
