****************************************
Report : constraint
        -all_violators
        -max_capacitance
Design : switch_4port
Version: V-2023.12-SP3
Date   : Tue Jan 20 20:50:42 2026
****************************************



   Mode: FUNC Corner: Slow
   Scenario: FUNC_Slow
   max_capacitance                                                             
                             Required        Actual                            
   Net                      Capacitance    Capacitance       Slack  Violation  
  ---------------------------------------------------------------------------
   gen_ports[0].port_inst/my_fifo/ctmn_1195
                               16.00          16.01          -0.01  (VIOLATED) 
     PIN : gen_ports[0].port_inst/my_fifo/ctmi_1520/Y
                               16.00          16.01          -0.01  (VIOLATED) 

   p_source_out[3][0]           8.00           8.00          -0.00  (VIOLATED) 
     PIN : gen_ports[3].port_inst/r_source_reg[0]/Q
                                8.00           8.00          -0.00  (VIOLATED) 

  ---------------------------------------------------------------------------
   Number of max_capacitance violation(s): 2

   Total number of violation(s): 2
1
