****************************************
Report : timing
        -path_type full
        -delay_type max
        -max_paths 20
        -report_by design
        -nosplit
Design : switch_4port
Version: V-2023.12-SP3
Date   : Tue Jan 20 20:50:42 2026
****************************************

  Startpoint: gen_ports[0].port_inst/my_fifo/count_reg[1] (rising edge-triggered flip-flop clocked by clk)
  Endpoint: gen_ports[0].port_inst/my_fifo/mem_reg[2][6] (rising edge-triggered flip-flop clocked by clk)
  Mode: FUNC
  Corner: Slow
  Scenario: FUNC_Slow
  Path Group: clk
  Path Type: max

  Point                                                             Incr      Path  
  -----------------------------------------------------------------------------------------
  clock clk (rise edge)                                             0.00      0.00
  clock network delay (ideal)                                       0.00      0.00

  gen_ports[0].port_inst/my_fifo/count_reg[1]/CLK (SDFFX1_RVT)      0.00      0.00 r
  gen_ports[0].port_inst/my_fifo/count_reg[1]/QN (SDFFX1_RVT)       0.22      0.22 f
  gen_ports[0].port_inst/my_fifo/ctmi_1501/Y (AND3X1_RVT)           0.21      0.43 f
  gen_ports[0].port_inst/my_fifo/ctmi_1500/Y (NAND2X0_RVT)          0.13      0.56 r
  gen_ports[0].port_inst/my_fifo/ctmi_30/Y (INVX0_RVT)              0.07      0.63 f
  gen_ports[0].port_inst/ctmi_5/Y (INVX0_RVT)                       0.12      0.75 r
  gen_ports[0].port_inst/TDBUF_500/Y (NBUFFX2_RVT)                  0.12      0.87 r
  gen_ports[0].port_inst/ctmi_239/Y (AND2X1_RVT)                    0.11      0.98 r
  gen_ports[0].port_inst/my_fifo/ctmi_1588/Y (OA21X1_RVT)           0.16      1.14 r
  gen_ports[0].port_inst/my_fifo/phfnr_buf_412/Y (INVX0_RVT)        0.10      1.24 f
  gen_ports[0].port_inst/my_fifo/ctmi_1596/Y (NOR3X1_RVT)           0.29      1.53 r
  gen_ports[0].port_inst/my_fifo/ctmi_1658/Y (AND3X4_RVT)           0.28      1.81 r
  gen_ports[0].port_inst/my_fifo/HFSINV_1674_538/Y (INVX0_RVT)      0.11      1.92 f
  gen_ports[0].port_inst/my_fifo/HFSBUF_1553_537/Y (NBUFFX2_RVT)    0.18      2.11 f
  gen_ports[0].port_inst/my_fifo/ctmi_1668/Y (AO22X1_RVT)           0.20      2.31 f
  gen_ports[0].port_inst/my_fifo/mem_reg[2][6]/D (SDFFX1_RVT)       0.00      2.31 f
  data arrival time                                                           2.31

  clock clk (rise edge)                                            10.00     10.00
  clock network delay (ideal)                                       0.00     10.00
  gen_ports[0].port_inst/my_fifo/mem_reg[2][6]/CLK (SDFFX1_RVT)     0.00     10.00 r
  clock uncertainty                                                -0.15      9.85
  library setup time                                               -0.29      9.56
  data required time                                                          9.56
  -----------------------------------------------------------------------------------------
  data required time                                                          9.56
  data arrival time                                                          -2.31
  -----------------------------------------------------------------------------------------
  slack (MET)                                                                 7.25



  Startpoint: gen_ports[0].port_inst/my_fifo/count_reg[1] (rising edge-triggered flip-flop clocked by clk)
  Endpoint: gen_ports[0].port_inst/my_fifo/mem_reg[2][11] (rising edge-triggered flip-flop clocked by clk)
  Mode: FUNC
  Corner: Slow
  Scenario: FUNC_Slow
  Path Group: clk
  Path Type: max

  Point                                                             Incr      Path  
  -----------------------------------------------------------------------------------------
  clock clk (rise edge)                                             0.00      0.00
  clock network delay (ideal)                                       0.00      0.00

  gen_ports[0].port_inst/my_fifo/count_reg[1]/CLK (SDFFX1_RVT)      0.00      0.00 r
  gen_ports[0].port_inst/my_fifo/count_reg[1]/QN (SDFFX1_RVT)       0.22      0.22 f
  gen_ports[0].port_inst/my_fifo/ctmi_1501/Y (AND3X1_RVT)           0.21      0.43 f
  gen_ports[0].port_inst/my_fifo/ctmi_1500/Y (NAND2X0_RVT)          0.13      0.56 r
  gen_ports[0].port_inst/my_fifo/ctmi_30/Y (INVX0_RVT)              0.07      0.63 f
  gen_ports[0].port_inst/ctmi_5/Y (INVX0_RVT)                       0.12      0.75 r
  gen_ports[0].port_inst/TDBUF_500/Y (NBUFFX2_RVT)                  0.12      0.87 r
  gen_ports[0].port_inst/ctmi_239/Y (AND2X1_RVT)                    0.11      0.98 r
  gen_ports[0].port_inst/my_fifo/ctmi_1588/Y (OA21X1_RVT)           0.16      1.14 r
  gen_ports[0].port_inst/my_fifo/phfnr_buf_412/Y (INVX0_RVT)        0.10      1.24 f
  gen_ports[0].port_inst/my_fifo/ctmi_1596/Y (NOR3X1_RVT)           0.29      1.53 r
  gen_ports[0].port_inst/my_fifo/ctmi_1658/Y (AND3X4_RVT)           0.28      1.81 r
  gen_ports[0].port_inst/my_fifo/HFSINV_1674_538/Y (INVX0_RVT)      0.11      1.92 f
  gen_ports[0].port_inst/my_fifo/HFSBUF_1553_537/Y (NBUFFX2_RVT)    0.18      2.11 f
  gen_ports[0].port_inst/my_fifo/ctmi_1663/Y (AO22X1_RVT)           0.20      2.31 f
  gen_ports[0].port_inst/my_fifo/mem_reg[2][11]/D (SDFFX1_RVT)      0.00      2.31 f
  data arrival time                                                           2.31

  clock clk (rise edge)                                            10.00     10.00
  clock network delay (ideal)                                       0.00     10.00
  gen_ports[0].port_inst/my_fifo/mem_reg[2][11]/CLK (SDFFX1_RVT)    0.00     10.00 r
  clock uncertainty                                                -0.15      9.85
  library setup time                                               -0.29      9.56
  data required time                                                          9.56
  -----------------------------------------------------------------------------------------
  data required time                                                          9.56
  data arrival time                                                          -2.31
  -----------------------------------------------------------------------------------------
  slack (MET)                                                                 7.26



  Startpoint: gen_ports[0].port_inst/my_fifo/count_reg[1] (rising edge-triggered flip-flop clocked by clk)
  Endpoint: gen_ports[0].port_inst/my_fifo/mem_reg[2][7] (rising edge-triggered flip-flop clocked by clk)
  Mode: FUNC
  Corner: Slow
  Scenario: FUNC_Slow
  Path Group: clk
  Path Type: max

  Point                                                             Incr      Path  
  -----------------------------------------------------------------------------------------
  clock clk (rise edge)                                             0.00      0.00
  clock network delay (ideal)                                       0.00      0.00

  gen_ports[0].port_inst/my_fifo/count_reg[1]/CLK (SDFFX1_RVT)      0.00      0.00 r
  gen_ports[0].port_inst/my_fifo/count_reg[1]/QN (SDFFX1_RVT)       0.22      0.22 f
  gen_ports[0].port_inst/my_fifo/ctmi_1501/Y (AND3X1_RVT)           0.21      0.43 f
  gen_ports[0].port_inst/my_fifo/ctmi_1500/Y (NAND2X0_RVT)          0.13      0.56 r
  gen_ports[0].port_inst/my_fifo/ctmi_30/Y (INVX0_RVT)              0.07      0.63 f
  gen_ports[0].port_inst/ctmi_5/Y (INVX0_RVT)                       0.12      0.75 r
  gen_ports[0].port_inst/TDBUF_500/Y (NBUFFX2_RVT)                  0.12      0.87 r
  gen_ports[0].port_inst/ctmi_239/Y (AND2X1_RVT)                    0.11      0.98 r
  gen_ports[0].port_inst/my_fifo/ctmi_1588/Y (OA21X1_RVT)           0.16      1.14 r
  gen_ports[0].port_inst/my_fifo/phfnr_buf_412/Y (INVX0_RVT)        0.10      1.24 f
  gen_ports[0].port_inst/my_fifo/ctmi_1596/Y (NOR3X1_RVT)           0.29      1.53 r
  gen_ports[0].port_inst/my_fifo/ctmi_1658/Y (AND3X4_RVT)           0.28      1.81 r
  gen_ports[0].port_inst/my_fifo/HFSINV_1674_538/Y (INVX0_RVT)      0.11      1.92 f
  gen_ports[0].port_inst/my_fifo/HFSBUF_1553_537/Y (NBUFFX2_RVT)    0.18      2.11 f
  gen_ports[0].port_inst/my_fifo/ctmi_1667/Y (AO22X1_RVT)           0.20      2.31 f
  gen_ports[0].port_inst/my_fifo/mem_reg[2][7]/D (SDFFX1_RVT)       0.00      2.31 f
  data arrival time                                                           2.31

  clock clk (rise edge)                                            10.00     10.00
  clock network delay (ideal)                                       0.00     10.00
  gen_ports[0].port_inst/my_fifo/mem_reg[2][7]/CLK (SDFFX1_RVT)     0.00     10.00 r
  clock uncertainty                                                -0.15      9.85
  library setup time                                               -0.29      9.56
  data required time                                                          9.56
  -----------------------------------------------------------------------------------------
  data required time                                                          9.56
  data arrival time                                                          -2.31
  -----------------------------------------------------------------------------------------
  slack (MET)                                                                 7.26



  Startpoint: gen_ports[0].port_inst/my_fifo/count_reg[1] (rising edge-triggered flip-flop clocked by clk)
  Endpoint: gen_ports[0].port_inst/my_fifo/mem_reg[2][5] (rising edge-triggered flip-flop clocked by clk)
  Mode: FUNC
  Corner: Slow
  Scenario: FUNC_Slow
  Path Group: clk
  Path Type: max

  Point                                                             Incr      Path  
  -----------------------------------------------------------------------------------------
  clock clk (rise edge)                                             0.00      0.00
  clock network delay (ideal)                                       0.00      0.00

  gen_ports[0].port_inst/my_fifo/count_reg[1]/CLK (SDFFX1_RVT)      0.00      0.00 r
  gen_ports[0].port_inst/my_fifo/count_reg[1]/QN (SDFFX1_RVT)       0.22      0.22 f
  gen_ports[0].port_inst/my_fifo/ctmi_1501/Y (AND3X1_RVT)           0.21      0.43 f
  gen_ports[0].port_inst/my_fifo/ctmi_1500/Y (NAND2X0_RVT)          0.13      0.56 r
  gen_ports[0].port_inst/my_fifo/ctmi_30/Y (INVX0_RVT)              0.07      0.63 f
  gen_ports[0].port_inst/ctmi_5/Y (INVX0_RVT)                       0.12      0.75 r
  gen_ports[0].port_inst/TDBUF_500/Y (NBUFFX2_RVT)                  0.12      0.87 r
  gen_ports[0].port_inst/ctmi_239/Y (AND2X1_RVT)                    0.11      0.98 r
  gen_ports[0].port_inst/my_fifo/ctmi_1588/Y (OA21X1_RVT)           0.16      1.14 r
  gen_ports[0].port_inst/my_fifo/phfnr_buf_412/Y (INVX0_RVT)        0.10      1.24 f
  gen_ports[0].port_inst/my_fifo/ctmi_1596/Y (NOR3X1_RVT)           0.29      1.53 r
  gen_ports[0].port_inst/my_fifo/ctmi_1658/Y (AND3X4_RVT)           0.28      1.81 r
  gen_ports[0].port_inst/my_fifo/HFSINV_1674_538/Y (INVX0_RVT)      0.11      1.92 f
  gen_ports[0].port_inst/my_fifo/HFSBUF_1553_537/Y (NBUFFX2_RVT)    0.18      2.11 f
  gen_ports[0].port_inst/my_fifo/ctmi_1669/Y (AO22X1_RVT)           0.20      2.30 f
  gen_ports[0].port_inst/my_fifo/mem_reg[2][5]/D (SDFFX1_RVT)       0.00      2.30 f
  data arrival time                                                           2.30

  clock clk (rise edge)                                            10.00     10.00
  clock network delay (ideal)                                       0.00     10.00
  gen_ports[0].port_inst/my_fifo/mem_reg[2][5]/CLK (SDFFX1_RVT)     0.00     10.00 r
  clock uncertainty                                                -0.15      9.85
  library setup time                                               -0.29      9.56
  data required time                                                          9.56
  -----------------------------------------------------------------------------------------
  data required time                                                          9.56
  data arrival time                                                          -2.30
  -----------------------------------------------------------------------------------------
  slack (MET)                                                                 7.26



  Startpoint: gen_ports[0].port_inst/my_fifo/count_reg[1] (rising edge-triggered flip-flop clocked by clk)
  Endpoint: gen_ports[0].port_inst/my_fifo/mem_reg[2][10] (rising edge-triggered flip-flop clocked by clk)
  Mode: FUNC
  Corner: Slow
  Scenario: FUNC_Slow
  Path Group: clk
  Path Type: max

  Point                                                             Incr      Path  
  -----------------------------------------------------------------------------------------
  clock clk (rise edge)                                             0.00      0.00
  clock network delay (ideal)                                       0.00      0.00

  gen_ports[0].port_inst/my_fifo/count_reg[1]/CLK (SDFFX1_RVT)      0.00      0.00 r
  gen_ports[0].port_inst/my_fifo/count_reg[1]/QN (SDFFX1_RVT)       0.22      0.22 f
  gen_ports[0].port_inst/my_fifo/ctmi_1501/Y (AND3X1_RVT)           0.21      0.43 f
  gen_ports[0].port_inst/my_fifo/ctmi_1500/Y (NAND2X0_RVT)          0.13      0.56 r
  gen_ports[0].port_inst/my_fifo/ctmi_30/Y (INVX0_RVT)              0.07      0.63 f
  gen_ports[0].port_inst/ctmi_5/Y (INVX0_RVT)                       0.12      0.75 r
  gen_ports[0].port_inst/TDBUF_500/Y (NBUFFX2_RVT)                  0.12      0.87 r
  gen_ports[0].port_inst/ctmi_239/Y (AND2X1_RVT)                    0.11      0.98 r
  gen_ports[0].port_inst/my_fifo/ctmi_1588/Y (OA21X1_RVT)           0.16      1.14 r
  gen_ports[0].port_inst/my_fifo/phfnr_buf_412/Y (INVX0_RVT)        0.10      1.24 f
  gen_ports[0].port_inst/my_fifo/ctmi_1596/Y (NOR3X1_RVT)           0.29      1.53 r
  gen_ports[0].port_inst/my_fifo/ctmi_1658/Y (AND3X4_RVT)           0.28      1.81 r
  gen_ports[0].port_inst/my_fifo/HFSINV_1674_538/Y (INVX0_RVT)      0.11      1.92 f
  gen_ports[0].port_inst/my_fifo/HFSBUF_1553_537/Y (NBUFFX2_RVT)    0.18      2.11 f
  gen_ports[0].port_inst/my_fifo/ctmi_1664/Y (AO22X1_RVT)           0.20      2.30 f
  gen_ports[0].port_inst/my_fifo/mem_reg[2][10]/D (SDFFX1_RVT)      0.00      2.30 f
  data arrival time                                                           2.30

  clock clk (rise edge)                                            10.00     10.00
  clock network delay (ideal)                                       0.00     10.00
  gen_ports[0].port_inst/my_fifo/mem_reg[2][10]/CLK (SDFFX1_RVT)    0.00     10.00 r
  clock uncertainty                                                -0.15      9.85
  library setup time                                               -0.29      9.56
  data required time                                                          9.56
  -----------------------------------------------------------------------------------------
  data required time                                                          9.56
  data arrival time                                                          -2.30
  -----------------------------------------------------------------------------------------
  slack (MET)                                                                 7.26



  Startpoint: gen_ports[0].port_inst/my_fifo/count_reg[1] (rising edge-triggered flip-flop clocked by clk)
  Endpoint: gen_ports[0].port_inst/my_fifo/mem_reg[2][13] (rising edge-triggered flip-flop clocked by clk)
  Mode: FUNC
  Corner: Slow
  Scenario: FUNC_Slow
  Path Group: clk
  Path Type: max

  Point                                                             Incr      Path  
  -----------------------------------------------------------------------------------------
  clock clk (rise edge)                                             0.00      0.00
  clock network delay (ideal)                                       0.00      0.00

  gen_ports[0].port_inst/my_fifo/count_reg[1]/CLK (SDFFX1_RVT)      0.00      0.00 r
  gen_ports[0].port_inst/my_fifo/count_reg[1]/QN (SDFFX1_RVT)       0.22      0.22 f
  gen_ports[0].port_inst/my_fifo/ctmi_1501/Y (AND3X1_RVT)           0.21      0.43 f
  gen_ports[0].port_inst/my_fifo/ctmi_1500/Y (NAND2X0_RVT)          0.13      0.56 r
  gen_ports[0].port_inst/my_fifo/ctmi_30/Y (INVX0_RVT)              0.07      0.63 f
  gen_ports[0].port_inst/ctmi_5/Y (INVX0_RVT)                       0.12      0.75 r
  gen_ports[0].port_inst/TDBUF_500/Y (NBUFFX2_RVT)                  0.12      0.87 r
  gen_ports[0].port_inst/ctmi_239/Y (AND2X1_RVT)                    0.11      0.98 r
  gen_ports[0].port_inst/my_fifo/ctmi_1588/Y (OA21X1_RVT)           0.16      1.14 r
  gen_ports[0].port_inst/my_fifo/phfnr_buf_412/Y (INVX0_RVT)        0.10      1.24 f
  gen_ports[0].port_inst/my_fifo/ctmi_1596/Y (NOR3X1_RVT)           0.29      1.53 r
  gen_ports[0].port_inst/my_fifo/ctmi_1658/Y (AND3X4_RVT)           0.28      1.81 r
  gen_ports[0].port_inst/my_fifo/HFSINV_1674_538/Y (INVX0_RVT)      0.11      1.92 f
  gen_ports[0].port_inst/my_fifo/HFSBUF_1553_537/Y (NBUFFX2_RVT)    0.18      2.11 f
  gen_ports[0].port_inst/my_fifo/ctmi_1661/Y (AO22X1_RVT)           0.19      2.30 f
  gen_ports[0].port_inst/my_fifo/mem_reg[2][13]/D (SDFFX1_RVT)      0.00      2.30 f
  data arrival time                                                           2.30

  clock clk (rise edge)                                            10.00     10.00
  clock network delay (ideal)                                       0.00     10.00
  gen_ports[0].port_inst/my_fifo/mem_reg[2][13]/CLK (SDFFX1_RVT)    0.00     10.00 r
  clock uncertainty                                                -0.15      9.85
  library setup time                                               -0.29      9.56
  data required time                                                          9.56
  -----------------------------------------------------------------------------------------
  data required time                                                          9.56
  data arrival time                                                          -2.30
  -----------------------------------------------------------------------------------------
  slack (MET)                                                                 7.26



  Startpoint: gen_ports[0].port_inst/my_fifo/count_reg[1] (rising edge-triggered flip-flop clocked by clk)
  Endpoint: gen_ports[0].port_inst/my_fifo/mem_reg[2][1] (rising edge-triggered flip-flop clocked by clk)
  Mode: FUNC
  Corner: Slow
  Scenario: FUNC_Slow
  Path Group: clk
  Path Type: max

  Point                                                             Incr      Path  
  -----------------------------------------------------------------------------------------
  clock clk (rise edge)                                             0.00      0.00
  clock network delay (ideal)                                       0.00      0.00

  gen_ports[0].port_inst/my_fifo/count_reg[1]/CLK (SDFFX1_RVT)      0.00      0.00 r
  gen_ports[0].port_inst/my_fifo/count_reg[1]/QN (SDFFX1_RVT)       0.22      0.22 f
  gen_ports[0].port_inst/my_fifo/ctmi_1501/Y (AND3X1_RVT)           0.21      0.43 f
  gen_ports[0].port_inst/my_fifo/ctmi_1500/Y (NAND2X0_RVT)          0.13      0.56 r
  gen_ports[0].port_inst/my_fifo/ctmi_30/Y (INVX0_RVT)              0.07      0.63 f
  gen_ports[0].port_inst/ctmi_5/Y (INVX0_RVT)                       0.12      0.75 r
  gen_ports[0].port_inst/TDBUF_500/Y (NBUFFX2_RVT)                  0.12      0.87 r
  gen_ports[0].port_inst/ctmi_239/Y (AND2X1_RVT)                    0.11      0.98 r
  gen_ports[0].port_inst/my_fifo/ctmi_1588/Y (OA21X1_RVT)           0.16      1.14 r
  gen_ports[0].port_inst/my_fifo/phfnr_buf_412/Y (INVX0_RVT)        0.10      1.24 f
  gen_ports[0].port_inst/my_fifo/ctmi_1596/Y (NOR3X1_RVT)           0.29      1.53 r
  gen_ports[0].port_inst/my_fifo/ctmi_1658/Y (AND3X4_RVT)           0.28      1.81 r
  gen_ports[0].port_inst/my_fifo/HFSINV_1674_538/Y (INVX0_RVT)      0.11      1.92 f
  gen_ports[0].port_inst/my_fifo/HFSBUF_1553_537/Y (NBUFFX2_RVT)    0.18      2.11 f
  gen_ports[0].port_inst/my_fifo/ctmi_1673/Y (AO22X1_RVT)           0.19      2.30 f
  gen_ports[0].port_inst/my_fifo/mem_reg[2][1]/D (SDFFX1_RVT)       0.00      2.30 f
  data arrival time                                                           2.30

  clock clk (rise edge)                                            10.00     10.00
  clock network delay (ideal)                                       0.00     10.00
  gen_ports[0].port_inst/my_fifo/mem_reg[2][1]/CLK (SDFFX1_RVT)     0.00     10.00 r
  clock uncertainty                                                -0.15      9.85
  library setup time                                               -0.29      9.56
  data required time                                                          9.56
  -----------------------------------------------------------------------------------------
  data required time                                                          9.56
  data arrival time                                                          -2.30
  -----------------------------------------------------------------------------------------
  slack (MET)                                                                 7.26



  Startpoint: gen_ports[0].port_inst/my_fifo/count_reg[1] (rising edge-triggered flip-flop clocked by clk)
  Endpoint: gen_ports[0].port_inst/my_fifo/mem_reg[2][4] (rising edge-triggered flip-flop clocked by clk)
  Mode: FUNC
  Corner: Slow
  Scenario: FUNC_Slow
  Path Group: clk
  Path Type: max

  Point                                                             Incr      Path  
  -----------------------------------------------------------------------------------------
  clock clk (rise edge)                                             0.00      0.00
  clock network delay (ideal)                                       0.00      0.00

  gen_ports[0].port_inst/my_fifo/count_reg[1]/CLK (SDFFX1_RVT)      0.00      0.00 r
  gen_ports[0].port_inst/my_fifo/count_reg[1]/QN (SDFFX1_RVT)       0.22      0.22 f
  gen_ports[0].port_inst/my_fifo/ctmi_1501/Y (AND3X1_RVT)           0.21      0.43 f
  gen_ports[0].port_inst/my_fifo/ctmi_1500/Y (NAND2X0_RVT)          0.13      0.56 r
  gen_ports[0].port_inst/my_fifo/ctmi_30/Y (INVX0_RVT)              0.07      0.63 f
  gen_ports[0].port_inst/ctmi_5/Y (INVX0_RVT)                       0.12      0.75 r
  gen_ports[0].port_inst/TDBUF_500/Y (NBUFFX2_RVT)                  0.12      0.87 r
  gen_ports[0].port_inst/ctmi_239/Y (AND2X1_RVT)                    0.11      0.98 r
  gen_ports[0].port_inst/my_fifo/ctmi_1588/Y (OA21X1_RVT)           0.16      1.14 r
  gen_ports[0].port_inst/my_fifo/phfnr_buf_412/Y (INVX0_RVT)        0.10      1.24 f
  gen_ports[0].port_inst/my_fifo/ctmi_1596/Y (NOR3X1_RVT)           0.29      1.53 r
  gen_ports[0].port_inst/my_fifo/ctmi_1658/Y (AND3X4_RVT)           0.28      1.81 r
  gen_ports[0].port_inst/my_fifo/HFSINV_1674_538/Y (INVX0_RVT)      0.11      1.92 f
  gen_ports[0].port_inst/my_fifo/HFSBUF_1553_537/Y (NBUFFX2_RVT)    0.18      2.11 f
  gen_ports[0].port_inst/my_fifo/ctmi_1670/Y (AO22X1_RVT)           0.19      2.30 f
  gen_ports[0].port_inst/my_fifo/mem_reg[2][4]/D (SDFFX1_RVT)       0.00      2.30 f
  data arrival time                                                           2.30

  clock clk (rise edge)                                            10.00     10.00
  clock network delay (ideal)                                       0.00     10.00
  gen_ports[0].port_inst/my_fifo/mem_reg[2][4]/CLK (SDFFX1_RVT)     0.00     10.00 r
  clock uncertainty                                                -0.15      9.85
  library setup time                                               -0.29      9.56
  data required time                                                          9.56
  -----------------------------------------------------------------------------------------
  data required time                                                          9.56
  data arrival time                                                          -2.30
  -----------------------------------------------------------------------------------------
  slack (MET)                                                                 7.26



  Startpoint: gen_ports[0].port_inst/my_fifo/count_reg[1] (rising edge-triggered flip-flop clocked by clk)
  Endpoint: gen_ports[0].port_inst/my_fifo/mem_reg[2][2] (rising edge-triggered flip-flop clocked by clk)
  Mode: FUNC
  Corner: Slow
  Scenario: FUNC_Slow
  Path Group: clk
  Path Type: max

  Point                                                             Incr      Path  
  -----------------------------------------------------------------------------------------
  clock clk (rise edge)                                             0.00      0.00
  clock network delay (ideal)                                       0.00      0.00

  gen_ports[0].port_inst/my_fifo/count_reg[1]/CLK (SDFFX1_RVT)      0.00      0.00 r
  gen_ports[0].port_inst/my_fifo/count_reg[1]/QN (SDFFX1_RVT)       0.22      0.22 f
  gen_ports[0].port_inst/my_fifo/ctmi_1501/Y (AND3X1_RVT)           0.21      0.43 f
  gen_ports[0].port_inst/my_fifo/ctmi_1500/Y (NAND2X0_RVT)          0.13      0.56 r
  gen_ports[0].port_inst/my_fifo/ctmi_30/Y (INVX0_RVT)              0.07      0.63 f
  gen_ports[0].port_inst/ctmi_5/Y (INVX0_RVT)                       0.12      0.75 r
  gen_ports[0].port_inst/TDBUF_500/Y (NBUFFX2_RVT)                  0.12      0.87 r
  gen_ports[0].port_inst/ctmi_239/Y (AND2X1_RVT)                    0.11      0.98 r
  gen_ports[0].port_inst/my_fifo/ctmi_1588/Y (OA21X1_RVT)           0.16      1.14 r
  gen_ports[0].port_inst/my_fifo/phfnr_buf_412/Y (INVX0_RVT)        0.10      1.24 f
  gen_ports[0].port_inst/my_fifo/ctmi_1596/Y (NOR3X1_RVT)           0.29      1.53 r
  gen_ports[0].port_inst/my_fifo/ctmi_1658/Y (AND3X4_RVT)           0.28      1.81 r
  gen_ports[0].port_inst/my_fifo/HFSINV_1674_538/Y (INVX0_RVT)      0.11      1.92 f
  gen_ports[0].port_inst/my_fifo/HFSBUF_1553_537/Y (NBUFFX2_RVT)    0.18      2.11 f
  gen_ports[0].port_inst/my_fifo/ctmi_1672/Y (AO22X1_RVT)           0.19      2.30 f
  gen_ports[0].port_inst/my_fifo/mem_reg[2][2]/D (SDFFX1_RVT)       0.00      2.30 f
  data arrival time                                                           2.30

  clock clk (rise edge)                                            10.00     10.00
  clock network delay (ideal)                                       0.00     10.00
  gen_ports[0].port_inst/my_fifo/mem_reg[2][2]/CLK (SDFFX1_RVT)     0.00     10.00 r
  clock uncertainty                                                -0.15      9.85
  library setup time                                               -0.29      9.56
  data required time                                                          9.56
  -----------------------------------------------------------------------------------------
  data required time                                                          9.56
  data arrival time                                                          -2.30
  -----------------------------------------------------------------------------------------
  slack (MET)                                                                 7.26



  Startpoint: gen_ports[0].port_inst/my_fifo/count_reg[1] (rising edge-triggered flip-flop clocked by clk)
  Endpoint: gen_ports[0].port_inst/my_fifo/mem_reg[2][14] (rising edge-triggered flip-flop clocked by clk)
  Mode: FUNC
  Corner: Slow
  Scenario: FUNC_Slow
  Path Group: clk
  Path Type: max

  Point                                                             Incr      Path  
  -----------------------------------------------------------------------------------------
  clock clk (rise edge)                                             0.00      0.00
  clock network delay (ideal)                                       0.00      0.00

  gen_ports[0].port_inst/my_fifo/count_reg[1]/CLK (SDFFX1_RVT)      0.00      0.00 r
  gen_ports[0].port_inst/my_fifo/count_reg[1]/QN (SDFFX1_RVT)       0.22      0.22 f
  gen_ports[0].port_inst/my_fifo/ctmi_1501/Y (AND3X1_RVT)           0.21      0.43 f
  gen_ports[0].port_inst/my_fifo/ctmi_1500/Y (NAND2X0_RVT)          0.13      0.56 r
  gen_ports[0].port_inst/my_fifo/ctmi_30/Y (INVX0_RVT)              0.07      0.63 f
  gen_ports[0].port_inst/ctmi_5/Y (INVX0_RVT)                       0.12      0.75 r
  gen_ports[0].port_inst/TDBUF_500/Y (NBUFFX2_RVT)                  0.12      0.87 r
  gen_ports[0].port_inst/ctmi_239/Y (AND2X1_RVT)                    0.11      0.98 r
  gen_ports[0].port_inst/my_fifo/ctmi_1588/Y (OA21X1_RVT)           0.16      1.14 r
  gen_ports[0].port_inst/my_fifo/phfnr_buf_412/Y (INVX0_RVT)        0.10      1.24 f
  gen_ports[0].port_inst/my_fifo/ctmi_1596/Y (NOR3X1_RVT)           0.29      1.53 r
  gen_ports[0].port_inst/my_fifo/ctmi_1658/Y (AND3X4_RVT)           0.28      1.81 r
  gen_ports[0].port_inst/my_fifo/HFSINV_1674_538/Y (INVX0_RVT)      0.11      1.92 f
  gen_ports[0].port_inst/my_fifo/HFSBUF_1553_537/Y (NBUFFX2_RVT)    0.18      2.11 f
  gen_ports[0].port_inst/my_fifo/ctmi_1660/Y (AO22X1_RVT)           0.19      2.30 f
  gen_ports[0].port_inst/my_fifo/mem_reg[2][14]/D (SDFFX1_RVT)      0.00      2.30 f
  data arrival time                                                           2.30

  clock clk (rise edge)                                            10.00     10.00
  clock network delay (ideal)                                       0.00     10.00
  gen_ports[0].port_inst/my_fifo/mem_reg[2][14]/CLK (SDFFX1_RVT)    0.00     10.00 r
  clock uncertainty                                                -0.15      9.85
  library setup time                                               -0.29      9.56
  data required time                                                          9.56
  -----------------------------------------------------------------------------------------
  data required time                                                          9.56
  data arrival time                                                          -2.30
  -----------------------------------------------------------------------------------------
  slack (MET)                                                                 7.26



  Startpoint: gen_ports[0].port_inst/my_fifo/count_reg[1] (rising edge-triggered flip-flop clocked by clk)
  Endpoint: gen_ports[0].port_inst/my_fifo/mem_reg[2][12] (rising edge-triggered flip-flop clocked by clk)
  Mode: FUNC
  Corner: Slow
  Scenario: FUNC_Slow
  Path Group: clk
  Path Type: max

  Point                                                             Incr      Path  
  -----------------------------------------------------------------------------------------
  clock clk (rise edge)                                             0.00      0.00
  clock network delay (ideal)                                       0.00      0.00

  gen_ports[0].port_inst/my_fifo/count_reg[1]/CLK (SDFFX1_RVT)      0.00      0.00 r
  gen_ports[0].port_inst/my_fifo/count_reg[1]/QN (SDFFX1_RVT)       0.22      0.22 f
  gen_ports[0].port_inst/my_fifo/ctmi_1501/Y (AND3X1_RVT)           0.21      0.43 f
  gen_ports[0].port_inst/my_fifo/ctmi_1500/Y (NAND2X0_RVT)          0.13      0.56 r
  gen_ports[0].port_inst/my_fifo/ctmi_30/Y (INVX0_RVT)              0.07      0.63 f
  gen_ports[0].port_inst/ctmi_5/Y (INVX0_RVT)                       0.12      0.75 r
  gen_ports[0].port_inst/TDBUF_500/Y (NBUFFX2_RVT)                  0.12      0.87 r
  gen_ports[0].port_inst/ctmi_239/Y (AND2X1_RVT)                    0.11      0.98 r
  gen_ports[0].port_inst/my_fifo/ctmi_1588/Y (OA21X1_RVT)           0.16      1.14 r
  gen_ports[0].port_inst/my_fifo/phfnr_buf_412/Y (INVX0_RVT)        0.10      1.24 f
  gen_ports[0].port_inst/my_fifo/ctmi_1596/Y (NOR3X1_RVT)           0.29      1.53 r
  gen_ports[0].port_inst/my_fifo/ctmi_1658/Y (AND3X4_RVT)           0.28      1.81 r
  gen_ports[0].port_inst/my_fifo/HFSINV_1674_538/Y (INVX0_RVT)      0.11      1.92 f
  gen_ports[0].port_inst/my_fifo/HFSBUF_1553_537/Y (NBUFFX2_RVT)    0.18      2.11 f
  gen_ports[0].port_inst/my_fifo/ctmi_1662/Y (AO22X1_RVT)           0.19      2.30 f
  gen_ports[0].port_inst/my_fifo/mem_reg[2][12]/D (SDFFX1_RVT)      0.00      2.30 f
  data arrival time                                                           2.30

  clock clk (rise edge)                                            10.00     10.00
  clock network delay (ideal)                                       0.00     10.00
  gen_ports[0].port_inst/my_fifo/mem_reg[2][12]/CLK (SDFFX1_RVT)    0.00     10.00 r
  clock uncertainty                                                -0.15      9.85
  library setup time                                               -0.29      9.56
  data required time                                                          9.56
  -----------------------------------------------------------------------------------------
  data required time                                                          9.56
  data arrival time                                                          -2.30
  -----------------------------------------------------------------------------------------
  slack (MET)                                                                 7.26



  Startpoint: gen_ports[0].port_inst/my_fifo/count_reg[1] (rising edge-triggered flip-flop clocked by clk)
  Endpoint: gen_ports[0].port_inst/my_fifo/mem_reg[2][9] (rising edge-triggered flip-flop clocked by clk)
  Mode: FUNC
  Corner: Slow
  Scenario: FUNC_Slow
  Path Group: clk
  Path Type: max

  Point                                                             Incr      Path  
  -----------------------------------------------------------------------------------------
  clock clk (rise edge)                                             0.00      0.00
  clock network delay (ideal)                                       0.00      0.00

  gen_ports[0].port_inst/my_fifo/count_reg[1]/CLK (SDFFX1_RVT)      0.00      0.00 r
  gen_ports[0].port_inst/my_fifo/count_reg[1]/QN (SDFFX1_RVT)       0.22      0.22 f
  gen_ports[0].port_inst/my_fifo/ctmi_1501/Y (AND3X1_RVT)           0.21      0.43 f
  gen_ports[0].port_inst/my_fifo/ctmi_1500/Y (NAND2X0_RVT)          0.13      0.56 r
  gen_ports[0].port_inst/my_fifo/ctmi_30/Y (INVX0_RVT)              0.07      0.63 f
  gen_ports[0].port_inst/ctmi_5/Y (INVX0_RVT)                       0.12      0.75 r
  gen_ports[0].port_inst/TDBUF_500/Y (NBUFFX2_RVT)                  0.12      0.87 r
  gen_ports[0].port_inst/ctmi_239/Y (AND2X1_RVT)                    0.11      0.98 r
  gen_ports[0].port_inst/my_fifo/ctmi_1588/Y (OA21X1_RVT)           0.16      1.14 r
  gen_ports[0].port_inst/my_fifo/phfnr_buf_412/Y (INVX0_RVT)        0.10      1.24 f
  gen_ports[0].port_inst/my_fifo/ctmi_1596/Y (NOR3X1_RVT)           0.29      1.53 r
  gen_ports[0].port_inst/my_fifo/ctmi_1658/Y (AND3X4_RVT)           0.28      1.81 r
  gen_ports[0].port_inst/my_fifo/HFSINV_1674_538/Y (INVX0_RVT)      0.11      1.92 f
  gen_ports[0].port_inst/my_fifo/HFSBUF_1553_537/Y (NBUFFX2_RVT)    0.18      2.11 f
  gen_ports[0].port_inst/my_fifo/ctmi_1665/Y (AO22X1_RVT)           0.19      2.30 f
  gen_ports[0].port_inst/my_fifo/mem_reg[2][9]/D (SDFFX1_RVT)       0.00      2.30 f
  data arrival time                                                           2.30

  clock clk (rise edge)                                            10.00     10.00
  clock network delay (ideal)                                       0.00     10.00
  gen_ports[0].port_inst/my_fifo/mem_reg[2][9]/CLK (SDFFX1_RVT)     0.00     10.00 r
  clock uncertainty                                                -0.15      9.85
  library setup time                                               -0.29      9.56
  data required time                                                          9.56
  -----------------------------------------------------------------------------------------
  data required time                                                          9.56
  data arrival time                                                          -2.30
  -----------------------------------------------------------------------------------------
  slack (MET)                                                                 7.26



  Startpoint: gen_ports[0].port_inst/my_fifo/count_reg[1] (rising edge-triggered flip-flop clocked by clk)
  Endpoint: gen_ports[0].port_inst/my_fifo/mem_reg[2][15] (rising edge-triggered flip-flop clocked by clk)
  Mode: FUNC
  Corner: Slow
  Scenario: FUNC_Slow
  Path Group: clk
  Path Type: max

  Point                                                             Incr      Path  
  -----------------------------------------------------------------------------------------
  clock clk (rise edge)                                             0.00      0.00
  clock network delay (ideal)                                       0.00      0.00

  gen_ports[0].port_inst/my_fifo/count_reg[1]/CLK (SDFFX1_RVT)      0.00      0.00 r
  gen_ports[0].port_inst/my_fifo/count_reg[1]/QN (SDFFX1_RVT)       0.22      0.22 f
  gen_ports[0].port_inst/my_fifo/ctmi_1501/Y (AND3X1_RVT)           0.21      0.43 f
  gen_ports[0].port_inst/my_fifo/ctmi_1500/Y (NAND2X0_RVT)          0.13      0.56 r
  gen_ports[0].port_inst/my_fifo/ctmi_30/Y (INVX0_RVT)              0.07      0.63 f
  gen_ports[0].port_inst/ctmi_5/Y (INVX0_RVT)                       0.12      0.75 r
  gen_ports[0].port_inst/TDBUF_500/Y (NBUFFX2_RVT)                  0.12      0.87 r
  gen_ports[0].port_inst/ctmi_239/Y (AND2X1_RVT)                    0.11      0.98 r
  gen_ports[0].port_inst/my_fifo/ctmi_1588/Y (OA21X1_RVT)           0.16      1.14 r
  gen_ports[0].port_inst/my_fifo/phfnr_buf_412/Y (INVX0_RVT)        0.10      1.24 f
  gen_ports[0].port_inst/my_fifo/ctmi_1596/Y (NOR3X1_RVT)           0.29      1.53 r
  gen_ports[0].port_inst/my_fifo/ctmi_1658/Y (AND3X4_RVT)           0.28      1.81 r
  gen_ports[0].port_inst/my_fifo/HFSINV_1674_538/Y (INVX0_RVT)      0.11      1.92 f
  gen_ports[0].port_inst/my_fifo/HFSBUF_1553_537/Y (NBUFFX2_RVT)    0.18      2.11 f
  gen_ports[0].port_inst/my_fifo/ctmi_1657/Y (AO22X1_RVT)           0.19      2.30 f
  gen_ports[0].port_inst/my_fifo/mem_reg[2][15]/D (SDFFX1_RVT)      0.00      2.30 f
  data arrival time                                                           2.30

  clock clk (rise edge)                                            10.00     10.00
  clock network delay (ideal)                                       0.00     10.00
  gen_ports[0].port_inst/my_fifo/mem_reg[2][15]/CLK (SDFFX1_RVT)    0.00     10.00 r
  clock uncertainty                                                -0.15      9.85
  library setup time                                               -0.29      9.56
  data required time                                                          9.56
  -----------------------------------------------------------------------------------------
  data required time                                                          9.56
  data arrival time                                                          -2.30
  -----------------------------------------------------------------------------------------
  slack (MET)                                                                 7.26



  Startpoint: gen_ports[0].port_inst/my_fifo/count_reg[1] (rising edge-triggered flip-flop clocked by clk)
  Endpoint: gen_ports[0].port_inst/my_fifo/mem_reg[2][8] (rising edge-triggered flip-flop clocked by clk)
  Mode: FUNC
  Corner: Slow
  Scenario: FUNC_Slow
  Path Group: clk
  Path Type: max

  Point                                                             Incr      Path  
  -----------------------------------------------------------------------------------------
  clock clk (rise edge)                                             0.00      0.00
  clock network delay (ideal)                                       0.00      0.00

  gen_ports[0].port_inst/my_fifo/count_reg[1]/CLK (SDFFX1_RVT)      0.00      0.00 r
  gen_ports[0].port_inst/my_fifo/count_reg[1]/QN (SDFFX1_RVT)       0.22      0.22 f
  gen_ports[0].port_inst/my_fifo/ctmi_1501/Y (AND3X1_RVT)           0.21      0.43 f
  gen_ports[0].port_inst/my_fifo/ctmi_1500/Y (NAND2X0_RVT)          0.13      0.56 r
  gen_ports[0].port_inst/my_fifo/ctmi_30/Y (INVX0_RVT)              0.07      0.63 f
  gen_ports[0].port_inst/ctmi_5/Y (INVX0_RVT)                       0.12      0.75 r
  gen_ports[0].port_inst/TDBUF_500/Y (NBUFFX2_RVT)                  0.12      0.87 r
  gen_ports[0].port_inst/ctmi_239/Y (AND2X1_RVT)                    0.11      0.98 r
  gen_ports[0].port_inst/my_fifo/ctmi_1588/Y (OA21X1_RVT)           0.16      1.14 r
  gen_ports[0].port_inst/my_fifo/phfnr_buf_412/Y (INVX0_RVT)        0.10      1.24 f
  gen_ports[0].port_inst/my_fifo/ctmi_1596/Y (NOR3X1_RVT)           0.29      1.53 r
  gen_ports[0].port_inst/my_fifo/ctmi_1658/Y (AND3X4_RVT)           0.28      1.81 r
  gen_ports[0].port_inst/my_fifo/HFSINV_1674_538/Y (INVX0_RVT)      0.11      1.92 f
  gen_ports[0].port_inst/my_fifo/HFSBUF_1553_537/Y (NBUFFX2_RVT)    0.18      2.11 f
  gen_ports[0].port_inst/my_fifo/ctmi_1666/Y (AO22X1_RVT)           0.19      2.30 f
  gen_ports[0].port_inst/my_fifo/mem_reg[2][8]/D (SDFFX1_RVT)       0.00      2.30 f
  data arrival time                                                           2.30

  clock clk (rise edge)                                            10.00     10.00
  clock network delay (ideal)                                       0.00     10.00
  gen_ports[0].port_inst/my_fifo/mem_reg[2][8]/CLK (SDFFX1_RVT)     0.00     10.00 r
  clock uncertainty                                                -0.15      9.85
  library setup time                                               -0.29      9.56
  data required time                                                          9.56
  -----------------------------------------------------------------------------------------
  data required time                                                          9.56
  data arrival time                                                          -2.30
  -----------------------------------------------------------------------------------------
  slack (MET)                                                                 7.26



  Startpoint: gen_ports[0].port_inst/my_fifo/count_reg[1] (rising edge-triggered flip-flop clocked by clk)
  Endpoint: gen_ports[0].port_inst/my_fifo/mem_reg[4][14] (rising edge-triggered flip-flop clocked by clk)
  Mode: FUNC
  Corner: Slow
  Scenario: FUNC_Slow
  Path Group: clk
  Path Type: max

  Point                                                             Incr      Path  
  -----------------------------------------------------------------------------------------
  clock clk (rise edge)                                             0.00      0.00
  clock network delay (ideal)                                       0.00      0.00

  gen_ports[0].port_inst/my_fifo/count_reg[1]/CLK (SDFFX1_RVT)      0.00      0.00 r
  gen_ports[0].port_inst/my_fifo/count_reg[1]/QN (SDFFX1_RVT)       0.22      0.22 f
  gen_ports[0].port_inst/my_fifo/ctmi_1501/Y (AND3X1_RVT)           0.21      0.43 f
  gen_ports[0].port_inst/my_fifo/ctmi_1500/Y (NAND2X0_RVT)          0.13      0.56 r
  gen_ports[0].port_inst/my_fifo/ctmi_30/Y (INVX0_RVT)              0.07      0.63 f
  gen_ports[0].port_inst/ctmi_5/Y (INVX0_RVT)                       0.12      0.75 r
  gen_ports[0].port_inst/TDBUF_500/Y (NBUFFX2_RVT)                  0.12      0.87 r
  gen_ports[0].port_inst/ctmi_239/Y (AND2X1_RVT)                    0.11      0.98 r
  gen_ports[0].port_inst/my_fifo/ctmi_1588/Y (OA21X1_RVT)           0.16      1.14 r
  gen_ports[0].port_inst/my_fifo/phfnr_buf_412/Y (INVX0_RVT)        0.10      1.24 f
  gen_ports[0].port_inst/my_fifo/ctmi_1596/Y (NOR3X1_RVT)           0.29      1.53 r
  gen_ports[0].port_inst/my_fifo/ctmi_1692/Y (AND3X4_RVT)           0.26      1.79 r
  gen_ports[0].port_inst/my_fifo/HFSINV_1691_541/Y (INVX0_RVT)      0.10      1.89 f
  gen_ports[0].port_inst/my_fifo/HFSBUF_618_540/Y (NBUFFX2_RVT)     0.19      2.08 f
  gen_ports[0].port_inst/my_fifo/ctmi_1694/Y (AO22X1_RVT)           0.21      2.29 f
  gen_ports[0].port_inst/my_fifo/mem_reg[4][14]/D (SDFFX1_RVT)      0.00      2.29 f
  data arrival time                                                           2.29

  clock clk (rise edge)                                            10.00     10.00
  clock network delay (ideal)                                       0.00     10.00
  gen_ports[0].port_inst/my_fifo/mem_reg[4][14]/CLK (SDFFX1_RVT)    0.00     10.00 r
  clock uncertainty                                                -0.15      9.85
  library setup time                                               -0.29      9.56
  data required time                                                          9.56
  -----------------------------------------------------------------------------------------
  data required time                                                          9.56
  data arrival time                                                          -2.29
  -----------------------------------------------------------------------------------------
  slack (MET)                                                                 7.27



  Startpoint: gen_ports[0].port_inst/my_fifo/count_reg[1] (rising edge-triggered flip-flop clocked by clk)
  Endpoint: gen_ports[0].port_inst/my_fifo/mem_reg[4][8] (rising edge-triggered flip-flop clocked by clk)
  Mode: FUNC
  Corner: Slow
  Scenario: FUNC_Slow
  Path Group: clk
  Path Type: max

  Point                                                             Incr      Path  
  -----------------------------------------------------------------------------------------
  clock clk (rise edge)                                             0.00      0.00
  clock network delay (ideal)                                       0.00      0.00

  gen_ports[0].port_inst/my_fifo/count_reg[1]/CLK (SDFFX1_RVT)      0.00      0.00 r
  gen_ports[0].port_inst/my_fifo/count_reg[1]/QN (SDFFX1_RVT)       0.22      0.22 f
  gen_ports[0].port_inst/my_fifo/ctmi_1501/Y (AND3X1_RVT)           0.21      0.43 f
  gen_ports[0].port_inst/my_fifo/ctmi_1500/Y (NAND2X0_RVT)          0.13      0.56 r
  gen_ports[0].port_inst/my_fifo/ctmi_30/Y (INVX0_RVT)              0.07      0.63 f
  gen_ports[0].port_inst/ctmi_5/Y (INVX0_RVT)                       0.12      0.75 r
  gen_ports[0].port_inst/TDBUF_500/Y (NBUFFX2_RVT)                  0.12      0.87 r
  gen_ports[0].port_inst/ctmi_239/Y (AND2X1_RVT)                    0.11      0.98 r
  gen_ports[0].port_inst/my_fifo/ctmi_1588/Y (OA21X1_RVT)           0.16      1.14 r
  gen_ports[0].port_inst/my_fifo/phfnr_buf_412/Y (INVX0_RVT)        0.10      1.24 f
  gen_ports[0].port_inst/my_fifo/ctmi_1596/Y (NOR3X1_RVT)           0.29      1.53 r
  gen_ports[0].port_inst/my_fifo/ctmi_1692/Y (AND3X4_RVT)           0.26      1.79 r
  gen_ports[0].port_inst/my_fifo/HFSINV_1691_541/Y (INVX0_RVT)      0.10      1.89 f
  gen_ports[0].port_inst/my_fifo/HFSBUF_618_540/Y (NBUFFX2_RVT)     0.19      2.08 f
  gen_ports[0].port_inst/my_fifo/ctmi_1700/Y (AO22X1_RVT)           0.20      2.29 f
  gen_ports[0].port_inst/my_fifo/mem_reg[4][8]/D (SDFFX1_RVT)       0.00      2.29 f
  data arrival time                                                           2.29

  clock clk (rise edge)                                            10.00     10.00
  clock network delay (ideal)                                       0.00     10.00
  gen_ports[0].port_inst/my_fifo/mem_reg[4][8]/CLK (SDFFX1_RVT)     0.00     10.00 r
  clock uncertainty                                                -0.15      9.85
  library setup time                                               -0.29      9.56
  data required time                                                          9.56
  -----------------------------------------------------------------------------------------
  data required time                                                          9.56
  data arrival time                                                          -2.29
  -----------------------------------------------------------------------------------------
  slack (MET)                                                                 7.28



  Startpoint: gen_ports[0].port_inst/my_fifo/count_reg[1] (rising edge-triggered flip-flop clocked by clk)
  Endpoint: gen_ports[0].port_inst/my_fifo/mem_reg[4][9] (rising edge-triggered flip-flop clocked by clk)
  Mode: FUNC
  Corner: Slow
  Scenario: FUNC_Slow
  Path Group: clk
  Path Type: max

  Point                                                             Incr      Path  
  -----------------------------------------------------------------------------------------
  clock clk (rise edge)                                             0.00      0.00
  clock network delay (ideal)                                       0.00      0.00

  gen_ports[0].port_inst/my_fifo/count_reg[1]/CLK (SDFFX1_RVT)      0.00      0.00 r
  gen_ports[0].port_inst/my_fifo/count_reg[1]/QN (SDFFX1_RVT)       0.22      0.22 f
  gen_ports[0].port_inst/my_fifo/ctmi_1501/Y (AND3X1_RVT)           0.21      0.43 f
  gen_ports[0].port_inst/my_fifo/ctmi_1500/Y (NAND2X0_RVT)          0.13      0.56 r
  gen_ports[0].port_inst/my_fifo/ctmi_30/Y (INVX0_RVT)              0.07      0.63 f
  gen_ports[0].port_inst/ctmi_5/Y (INVX0_RVT)                       0.12      0.75 r
  gen_ports[0].port_inst/TDBUF_500/Y (NBUFFX2_RVT)                  0.12      0.87 r
  gen_ports[0].port_inst/ctmi_239/Y (AND2X1_RVT)                    0.11      0.98 r
  gen_ports[0].port_inst/my_fifo/ctmi_1588/Y (OA21X1_RVT)           0.16      1.14 r
  gen_ports[0].port_inst/my_fifo/phfnr_buf_412/Y (INVX0_RVT)        0.10      1.24 f
  gen_ports[0].port_inst/my_fifo/ctmi_1596/Y (NOR3X1_RVT)           0.29      1.53 r
  gen_ports[0].port_inst/my_fifo/ctmi_1692/Y (AND3X4_RVT)           0.26      1.79 r
  gen_ports[0].port_inst/my_fifo/HFSINV_1691_541/Y (INVX0_RVT)      0.10      1.89 f
  gen_ports[0].port_inst/my_fifo/HFSBUF_618_540/Y (NBUFFX2_RVT)     0.19      2.08 f
  gen_ports[0].port_inst/my_fifo/ctmi_1699/Y (AO22X1_RVT)           0.20      2.28 f
  gen_ports[0].port_inst/my_fifo/mem_reg[4][9]/D (SDFFX1_RVT)       0.00      2.28 f
  data arrival time                                                           2.28

  clock clk (rise edge)                                            10.00     10.00
  clock network delay (ideal)                                       0.00     10.00
  gen_ports[0].port_inst/my_fifo/mem_reg[4][9]/CLK (SDFFX1_RVT)     0.00     10.00 r
  clock uncertainty                                                -0.15      9.85
  library setup time                                               -0.29      9.56
  data required time                                                          9.56
  -----------------------------------------------------------------------------------------
  data required time                                                          9.56
  data arrival time                                                          -2.28
  -----------------------------------------------------------------------------------------
  slack (MET)                                                                 7.28



  Startpoint: gen_ports[0].port_inst/my_fifo/count_reg[1] (rising edge-triggered flip-flop clocked by clk)
  Endpoint: gen_ports[0].port_inst/my_fifo/mem_reg[4][12] (rising edge-triggered flip-flop clocked by clk)
  Mode: FUNC
  Corner: Slow
  Scenario: FUNC_Slow
  Path Group: clk
  Path Type: max

  Point                                                             Incr      Path  
  -----------------------------------------------------------------------------------------
  clock clk (rise edge)                                             0.00      0.00
  clock network delay (ideal)                                       0.00      0.00

  gen_ports[0].port_inst/my_fifo/count_reg[1]/CLK (SDFFX1_RVT)      0.00      0.00 r
  gen_ports[0].port_inst/my_fifo/count_reg[1]/QN (SDFFX1_RVT)       0.22      0.22 f
  gen_ports[0].port_inst/my_fifo/ctmi_1501/Y (AND3X1_RVT)           0.21      0.43 f
  gen_ports[0].port_inst/my_fifo/ctmi_1500/Y (NAND2X0_RVT)          0.13      0.56 r
  gen_ports[0].port_inst/my_fifo/ctmi_30/Y (INVX0_RVT)              0.07      0.63 f
  gen_ports[0].port_inst/ctmi_5/Y (INVX0_RVT)                       0.12      0.75 r
  gen_ports[0].port_inst/TDBUF_500/Y (NBUFFX2_RVT)                  0.12      0.87 r
  gen_ports[0].port_inst/ctmi_239/Y (AND2X1_RVT)                    0.11      0.98 r
  gen_ports[0].port_inst/my_fifo/ctmi_1588/Y (OA21X1_RVT)           0.16      1.14 r
  gen_ports[0].port_inst/my_fifo/phfnr_buf_412/Y (INVX0_RVT)        0.10      1.24 f
  gen_ports[0].port_inst/my_fifo/ctmi_1596/Y (NOR3X1_RVT)           0.29      1.53 r
  gen_ports[0].port_inst/my_fifo/ctmi_1692/Y (AND3X4_RVT)           0.26      1.79 r
  gen_ports[0].port_inst/my_fifo/HFSINV_1691_541/Y (INVX0_RVT)      0.10      1.89 f
  gen_ports[0].port_inst/my_fifo/HFSBUF_618_540/Y (NBUFFX2_RVT)     0.19      2.08 f
  gen_ports[0].port_inst/my_fifo/ctmi_1696/Y (AO22X1_RVT)           0.20      2.28 f
  gen_ports[0].port_inst/my_fifo/mem_reg[4][12]/D (SDFFX1_RVT)      0.00      2.28 f
  data arrival time                                                           2.28

  clock clk (rise edge)                                            10.00     10.00
  clock network delay (ideal)                                       0.00     10.00
  gen_ports[0].port_inst/my_fifo/mem_reg[4][12]/CLK (SDFFX1_RVT)    0.00     10.00 r
  clock uncertainty                                                -0.15      9.85
  library setup time                                               -0.29      9.56
  data required time                                                          9.56
  -----------------------------------------------------------------------------------------
  data required time                                                          9.56
  data arrival time                                                          -2.28
  -----------------------------------------------------------------------------------------
  slack (MET)                                                                 7.28



  Startpoint: gen_ports[0].port_inst/my_fifo/count_reg[1] (rising edge-triggered flip-flop clocked by clk)
  Endpoint: gen_ports[0].port_inst/my_fifo/mem_reg[4][2] (rising edge-triggered flip-flop clocked by clk)
  Mode: FUNC
  Corner: Slow
  Scenario: FUNC_Slow
  Path Group: clk
  Path Type: max

  Point                                                             Incr      Path  
  -----------------------------------------------------------------------------------------
  clock clk (rise edge)                                             0.00      0.00
  clock network delay (ideal)                                       0.00      0.00

  gen_ports[0].port_inst/my_fifo/count_reg[1]/CLK (SDFFX1_RVT)      0.00      0.00 r
  gen_ports[0].port_inst/my_fifo/count_reg[1]/QN (SDFFX1_RVT)       0.22      0.22 f
  gen_ports[0].port_inst/my_fifo/ctmi_1501/Y (AND3X1_RVT)           0.21      0.43 f
  gen_ports[0].port_inst/my_fifo/ctmi_1500/Y (NAND2X0_RVT)          0.13      0.56 r
  gen_ports[0].port_inst/my_fifo/ctmi_30/Y (INVX0_RVT)              0.07      0.63 f
  gen_ports[0].port_inst/ctmi_5/Y (INVX0_RVT)                       0.12      0.75 r
  gen_ports[0].port_inst/TDBUF_500/Y (NBUFFX2_RVT)                  0.12      0.87 r
  gen_ports[0].port_inst/ctmi_239/Y (AND2X1_RVT)                    0.11      0.98 r
  gen_ports[0].port_inst/my_fifo/ctmi_1588/Y (OA21X1_RVT)           0.16      1.14 r
  gen_ports[0].port_inst/my_fifo/phfnr_buf_412/Y (INVX0_RVT)        0.10      1.24 f
  gen_ports[0].port_inst/my_fifo/ctmi_1596/Y (NOR3X1_RVT)           0.29      1.53 r
  gen_ports[0].port_inst/my_fifo/ctmi_1692/Y (AND3X4_RVT)           0.26      1.79 r
  gen_ports[0].port_inst/my_fifo/HFSINV_1691_541/Y (INVX0_RVT)      0.10      1.89 f
  gen_ports[0].port_inst/my_fifo/HFSBUF_618_540/Y (NBUFFX2_RVT)     0.19      2.08 f
  gen_ports[0].port_inst/my_fifo/ctmi_1706/Y (AO22X1_RVT)           0.20      2.28 f
  gen_ports[0].port_inst/my_fifo/mem_reg[4][2]/D (SDFFX1_RVT)       0.00      2.28 f
  data arrival time                                                           2.28

  clock clk (rise edge)                                            10.00     10.00
  clock network delay (ideal)                                       0.00     10.00
  gen_ports[0].port_inst/my_fifo/mem_reg[4][2]/CLK (SDFFX1_RVT)     0.00     10.00 r
  clock uncertainty                                                -0.15      9.85
  library setup time                                               -0.29      9.56
  data required time                                                          9.56
  -----------------------------------------------------------------------------------------
  data required time                                                          9.56
  data arrival time                                                          -2.28
  -----------------------------------------------------------------------------------------
  slack (MET)                                                                 7.28



  Startpoint: gen_ports[0].port_inst/my_fifo/count_reg[1] (rising edge-triggered flip-flop clocked by clk)
  Endpoint: gen_ports[0].port_inst/my_fifo/mem_reg[4][13] (rising edge-triggered flip-flop clocked by clk)
  Mode: FUNC
  Corner: Slow
  Scenario: FUNC_Slow
  Path Group: clk
  Path Type: max

  Point                                                             Incr      Path  
  -----------------------------------------------------------------------------------------
  clock clk (rise edge)                                             0.00      0.00
  clock network delay (ideal)                                       0.00      0.00

  gen_ports[0].port_inst/my_fifo/count_reg[1]/CLK (SDFFX1_RVT)      0.00      0.00 r
  gen_ports[0].port_inst/my_fifo/count_reg[1]/QN (SDFFX1_RVT)       0.22      0.22 f
  gen_ports[0].port_inst/my_fifo/ctmi_1501/Y (AND3X1_RVT)           0.21      0.43 f
  gen_ports[0].port_inst/my_fifo/ctmi_1500/Y (NAND2X0_RVT)          0.13      0.56 r
  gen_ports[0].port_inst/my_fifo/ctmi_30/Y (INVX0_RVT)              0.07      0.63 f
  gen_ports[0].port_inst/ctmi_5/Y (INVX0_RVT)                       0.12      0.75 r
  gen_ports[0].port_inst/TDBUF_500/Y (NBUFFX2_RVT)                  0.12      0.87 r
  gen_ports[0].port_inst/ctmi_239/Y (AND2X1_RVT)                    0.11      0.98 r
  gen_ports[0].port_inst/my_fifo/ctmi_1588/Y (OA21X1_RVT)           0.16      1.14 r
  gen_ports[0].port_inst/my_fifo/phfnr_buf_412/Y (INVX0_RVT)        0.10      1.24 f
  gen_ports[0].port_inst/my_fifo/ctmi_1596/Y (NOR3X1_RVT)           0.29      1.53 r
  gen_ports[0].port_inst/my_fifo/ctmi_1692/Y (AND3X4_RVT)           0.26      1.79 r
  gen_ports[0].port_inst/my_fifo/HFSINV_1691_541/Y (INVX0_RVT)      0.10      1.89 f
  gen_ports[0].port_inst/my_fifo/HFSBUF_618_540/Y (NBUFFX2_RVT)     0.19      2.08 f
  gen_ports[0].port_inst/my_fifo/ctmi_1695/Y (AO22X1_RVT)           0.20      2.28 f
  gen_ports[0].port_inst/my_fifo/mem_reg[4][13]/D (SDFFX1_RVT)      0.00      2.28 f
  data arrival time                                                           2.28

  clock clk (rise edge)                                            10.00     10.00
  clock network delay (ideal)                                       0.00     10.00
  gen_ports[0].port_inst/my_fifo/mem_reg[4][13]/CLK (SDFFX1_RVT)    0.00     10.00 r
  clock uncertainty                                                -0.15      9.85
  library setup time                                               -0.29      9.56
  data required time                                                          9.56
  -----------------------------------------------------------------------------------------
  data required time                                                          9.56
  data arrival time                                                          -2.28
  -----------------------------------------------------------------------------------------
  slack (MET)                                                                 7.28


1
